Archive member included to satisfy reference by file (symbol)

D:/Tools/Arm GNU Toolchain arm-none-eabi/13.3 rel1/bin/../lib/gcc/arm-none-eabi/13.3.1/thumb/v7e-m+fp/hard\libc_nano.a(libc_a-exit.o)
                              D:/Tools/Arm GNU Toolchain arm-none-eabi/13.3 rel1/bin/../lib/gcc/arm-none-eabi/13.3.1/thumb/v7e-m+fp/hard/crt0.o (exit)
D:/Tools/Arm GNU Toolchain arm-none-eabi/13.3 rel1/bin/../lib/gcc/arm-none-eabi/13.3.1/thumb/v7e-m+fp/hard\libc_nano.a(libc_a-findfp.o)
                              CMakeFiles/IMU.dir/Middlewares/Third_Party/FreeRTOS/Source/tasks.c.obj (__sf)
D:/Tools/Arm GNU Toolchain arm-none-eabi/13.3 rel1/bin/../lib/gcc/arm-none-eabi/13.3.1/thumb/v7e-m+fp/hard\libc_nano.a(libc_a-fwalk.o)
                              D:/Tools/Arm GNU Toolchain arm-none-eabi/13.3 rel1/bin/../lib/gcc/arm-none-eabi/13.3.1/thumb/v7e-m+fp/hard\libc_nano.a(libc_a-findfp.o) (_fwalk_sglue)
D:/Tools/Arm GNU Toolchain arm-none-eabi/13.3 rel1/bin/../lib/gcc/arm-none-eabi/13.3.1/thumb/v7e-m+fp/hard\libc_nano.a(libc_a-stdio.o)
                              D:/Tools/Arm GNU Toolchain arm-none-eabi/13.3 rel1/bin/../lib/gcc/arm-none-eabi/13.3.1/thumb/v7e-m+fp/hard\libc_nano.a(libc_a-findfp.o) (__sread)
D:/Tools/Arm GNU Toolchain arm-none-eabi/13.3 rel1/bin/../lib/gcc/arm-none-eabi/13.3.1/thumb/v7e-m+fp/hard\libc_nano.a(libc_a-memset.o)
                              D:/Tools/Arm GNU Toolchain arm-none-eabi/13.3 rel1/bin/../lib/gcc/arm-none-eabi/13.3.1/thumb/v7e-m+fp/hard/crt0.o (memset)
D:/Tools/Arm GNU Toolchain arm-none-eabi/13.3 rel1/bin/../lib/gcc/arm-none-eabi/13.3.1/thumb/v7e-m+fp/hard\libc_nano.a(libc_a-closer.o)
                              D:/Tools/Arm GNU Toolchain arm-none-eabi/13.3 rel1/bin/../lib/gcc/arm-none-eabi/13.3.1/thumb/v7e-m+fp/hard\libc_nano.a(libc_a-stdio.o) (_close_r)
D:/Tools/Arm GNU Toolchain arm-none-eabi/13.3 rel1/bin/../lib/gcc/arm-none-eabi/13.3.1/thumb/v7e-m+fp/hard\libc_nano.a(libc_a-reent.o)
                              CMakeFiles/IMU.dir/Middlewares/Third_Party/FreeRTOS/Source/tasks.c.obj (_reclaim_reent)
D:/Tools/Arm GNU Toolchain arm-none-eabi/13.3 rel1/bin/../lib/gcc/arm-none-eabi/13.3.1/thumb/v7e-m+fp/hard\libc_nano.a(libc_a-impure.o)
                              CMakeFiles/IMU.dir/Middlewares/Third_Party/FreeRTOS/Source/tasks.c.obj (_impure_ptr)
D:/Tools/Arm GNU Toolchain arm-none-eabi/13.3 rel1/bin/../lib/gcc/arm-none-eabi/13.3.1/thumb/v7e-m+fp/hard\libc_nano.a(libc_a-lseekr.o)
                              D:/Tools/Arm GNU Toolchain arm-none-eabi/13.3 rel1/bin/../lib/gcc/arm-none-eabi/13.3.1/thumb/v7e-m+fp/hard\libc_nano.a(libc_a-stdio.o) (_lseek_r)
D:/Tools/Arm GNU Toolchain arm-none-eabi/13.3 rel1/bin/../lib/gcc/arm-none-eabi/13.3.1/thumb/v7e-m+fp/hard\libc_nano.a(libc_a-readr.o)
                              D:/Tools/Arm GNU Toolchain arm-none-eabi/13.3 rel1/bin/../lib/gcc/arm-none-eabi/13.3.1/thumb/v7e-m+fp/hard\libc_nano.a(libc_a-stdio.o) (_read_r)
D:/Tools/Arm GNU Toolchain arm-none-eabi/13.3 rel1/bin/../lib/gcc/arm-none-eabi/13.3.1/thumb/v7e-m+fp/hard\libc_nano.a(libc_a-writer.o)
                              D:/Tools/Arm GNU Toolchain arm-none-eabi/13.3 rel1/bin/../lib/gcc/arm-none-eabi/13.3.1/thumb/v7e-m+fp/hard\libc_nano.a(libc_a-stdio.o) (_write_r)
D:/Tools/Arm GNU Toolchain arm-none-eabi/13.3 rel1/bin/../lib/gcc/arm-none-eabi/13.3.1/thumb/v7e-m+fp/hard\libc_nano.a(libc_a-errno.o)
                              CMakeFiles/IMU.dir/Core/Src/sysmem.c.obj (__errno)
D:/Tools/Arm GNU Toolchain arm-none-eabi/13.3 rel1/bin/../lib/gcc/arm-none-eabi/13.3.1/thumb/v7e-m+fp/hard\libc_nano.a(libc_a-init.o)
                              D:/Tools/Arm GNU Toolchain arm-none-eabi/13.3 rel1/bin/../lib/gcc/arm-none-eabi/13.3.1/thumb/v7e-m+fp/hard/crt0.o (__libc_init_array)
D:/Tools/Arm GNU Toolchain arm-none-eabi/13.3 rel1/bin/../lib/gcc/arm-none-eabi/13.3.1/thumb/v7e-m+fp/hard\libc_nano.a(libc_a-lock.o)
                              D:/Tools/Arm GNU Toolchain arm-none-eabi/13.3 rel1/bin/../lib/gcc/arm-none-eabi/13.3.1/thumb/v7e-m+fp/hard\libc_nano.a(libc_a-findfp.o) (__retarget_lock_init_recursive)
D:/Tools/Arm GNU Toolchain arm-none-eabi/13.3 rel1/bin/../lib/gcc/arm-none-eabi/13.3.1/thumb/v7e-m+fp/hard\libc_nano.a(libc_a-memcpy-stub.o)
                              CMakeFiles/IMU.dir/Middlewares/Third_Party/FreeRTOS/Source/queue.c.obj (memcpy)
D:/Tools/Arm GNU Toolchain arm-none-eabi/13.3 rel1/bin/../lib/gcc/arm-none-eabi/13.3.1/thumb/v7e-m+fp/hard\libc_nano.a(libc_a-freer.o)
                              D:/Tools/Arm GNU Toolchain arm-none-eabi/13.3 rel1/bin/../lib/gcc/arm-none-eabi/13.3.1/thumb/v7e-m+fp/hard\libc_nano.a(libc_a-reent.o) (_free_r)
D:/Tools/Arm GNU Toolchain arm-none-eabi/13.3 rel1/bin/../lib/gcc/arm-none-eabi/13.3.1/thumb/v7e-m+fp/hard\libc_nano.a(libc_a-mallocr.o)
                              D:/Tools/Arm GNU Toolchain arm-none-eabi/13.3 rel1/bin/../lib/gcc/arm-none-eabi/13.3.1/thumb/v7e-m+fp/hard\libc_nano.a(libc_a-findfp.o) (_malloc_r)
[...]
Memory Configuration

Name             Origin             Length             Attributes
RAM              0x20000000         0x00020000         xrw
CCMRAM           0x10000000         0x00010000         xrw
FLASH            0x08000000         0x00100000         xr
*default*        0x00000000         0xffffffff

Linker script and memory map

LOAD D:/Tools/Arm GNU Toolchain arm-none-eabi/13.3 rel1/bin/../lib/gcc/arm-none-eabi/13.3.1/thumb/v7e-m+fp/hard/crti.o
LOAD D:/Tools/Arm GNU Toolchain arm-none-eabi/13.3 rel1/bin/../lib/gcc/arm-none-eabi/13.3.1/thumb/v7e-m+fp/hard/crtbegin.o
LOAD D:/Tools/Arm GNU Toolchain arm-none-eabi/13.3 rel1/bin/../lib/gcc/arm-none-eabi/13.3.1/thumb/v7e-m+fp/hard/crt0.o
START GROUP
END GROUP
START GROUP
LOAD D:/Tools/Arm GNU Toolchain arm-none-eabi/13.3 rel1/bin/../lib/gcc/arm-none-eabi/13.3.1/thumb/v7e-m+fp/hard\libstdc++_nano.a
LOAD D:/Tools/Arm GNU Toolchain arm-none-eabi/13.3 rel1/bin/../lib/gcc/arm-none-eabi/13.3.1/thumb/v7e-m+fp/hard\libsupc++_nano.a
END GROUP
LOAD CMakeFiles/IMU.dir/Core/Src/main.c.obj
LOAD CMakeFiles/IMU.dir/Core/Src/gpio.c.obj
LOAD CMakeFiles/IMU.dir/Core/Src/freertos.c.obj
LOAD CMakeFiles/IMU.dir/Core/Src/can.c.obj
LOAD CMakeFiles/IMU.dir/Core/Src/dma.c.obj
LOAD CMakeFiles/IMU.dir/Core/Src/spi.c.obj
LOAD CMakeFiles/IMU.dir/Core/Src/tim.c.obj
LOAD CMakeFiles/IMU.dir/Core/Src/usart.c.obj
LOAD CMakeFiles/IMU.dir/Core/Src/stm32f4xx_it.c.obj
LOAD CMakeFiles/IMU.dir/Core/Src/stm32f4xx_hal_msp.c.obj
LOAD CMakeFiles/IMU.dir/Core/Src/stm32f4xx_hal_timebase_tim.c.obj
LOAD CMakeFiles/IMU.dir/Drivers/STM32F4xx_HAL_Driver/Src/stm32f4xx_hal_can.c.obj
LOAD CMakeFiles/IMU.dir/Drivers/STM32F4xx_HAL_Driver/Src/stm32f4xx_hal_rcc.c.obj
LOAD CMakeFiles/IMU.dir/Drivers/STM32F4xx_HAL_Driver/Src/stm32f4xx_hal_rcc_ex.c.obj
LOAD CMakeFiles/IMU.dir/Drivers/STM32F4xx_HAL_Driver/Src/stm32f4xx_hal_flash.c.obj
LOAD CMakeFiles/IMU.dir/Drivers/STM32F4xx_HAL_Driver/Src/stm32f4xx_hal_flash_ex.c.obj
LOAD CMakeFiles/IMU.dir/Drivers/STM32F4xx_HAL_Driver/Src/stm32f4xx_hal_flash_ramfunc.c.obj
LOAD CMakeFiles/IMU.dir/Drivers/STM32F4xx_HAL_Driver/Src/stm32f4xx_hal_gpio.c.obj
LOAD CMakeFiles/IMU.dir/Drivers/STM32F4xx_HAL_Driver/Src/stm32f4xx_hal_dma_ex.c.obj
LOAD CMakeFiles/IMU.dir/Drivers/STM32F4xx_HAL_Driver/Src/stm32f4xx_hal_dma.c.obj
LOAD CMakeFiles/IMU.dir/Drivers/STM32F4xx_HAL_Driver/Src/stm32f4xx_hal_pwr.c.obj
LOAD CMakeFiles/IMU.dir/Drivers/STM32F4xx_HAL_Driver/Src/stm32f4xx_hal_pwr_ex.c.obj
LOAD CMakeFiles/IMU.dir/Drivers/STM32F4xx_HAL_Driver/Src/stm32f4xx_hal_cortex.c.obj
LOAD CMakeFiles/IMU.dir/Drivers/STM32F4xx_HAL_Driver/Src/stm32f4xx_hal.c.obj
LOAD CMakeFiles/IMU.dir/Drivers/STM32F4xx_HAL_Driver/Src/stm32f4xx_hal_exti.c.obj
LOAD CMakeFiles/IMU.dir/Drivers/STM32F4xx_HAL_Driver/Src/stm32f4xx_hal_spi.c.obj
LOAD CMakeFiles/IMU.dir/Drivers/STM32F4xx_HAL_Driver/Src/stm32f4xx_hal_tim.c.obj
LOAD CMakeFiles/IMU.dir/Drivers/STM32F4xx_HAL_Driver/Src/stm32f4xx_hal_tim_ex.c.obj
LOAD CMakeFiles/IMU.dir/Drivers/STM32F4xx_HAL_Driver/Src/stm32f4xx_hal_uart.c.obj
LOAD CMakeFiles/IMU.dir/Core/Src/system_stm32f4xx.c.obj
LOAD CMakeFiles/IMU.dir/Middlewares/Third_Party/FreeRTOS/Source/croutine.c.obj
LOAD CMakeFiles/IMU.dir/Middlewares/Third_Party/FreeRTOS/Source/event_groups.c.obj
LOAD CMakeFiles/IMU.dir/Middlewares/Third_Party/FreeRTOS/Source/list.c.obj
LOAD CMakeFiles/IMU.dir/Middlewares/Third_Party/FreeRTOS/Source/queue.c.obj
LOAD CMakeFiles/IMU.dir/Middlewares/Third_Party/FreeRTOS/Source/stream_buffer.c.obj
LOAD CMakeFiles/IMU.dir/Middlewares/Third_Party/FreeRTOS/Source/tasks.c.obj
LOAD CMakeFiles/IMU.dir/Middlewares/Third_Party/FreeRTOS/Source/timers.c.obj
LOAD CMakeFiles/IMU.dir/Middlewares/Third_Party/FreeRTOS/Source/CMSIS_RTOS/cmsis_os.c.obj
LOAD CMakeFiles/IMU.dir/Middlewares/Third_Party/FreeRTOS/Source/portable/MemMang/heap_4.c.obj
LOAD CMakeFiles/IMU.dir/Middlewares/Third_Party/FreeRTOS/Source/portable/GCC/ARM_CM4F/port.c.obj
LOAD CMakeFiles/IMU.dir/Core/Src/sysmem.c.obj
LOAD CMakeFiles/IMU.dir/Core/Src/syscalls.c.obj
LOAD CMakeFiles/IMU.dir/startup_stm32f407xx.s.obj
LOAD libs/irobotEC/src/irobotec/libirobotEC.a
LOAD D:/Tools/Arm GNU Toolchain arm-none-eabi/13.3 rel1/bin/../lib/gcc/arm-none-eabi/13.3.1/thumb/v7e-m+fp/hard\libstdc++_nano.a
LOAD D:/Tools/Arm GNU Toolchain arm-none-eabi/13.3 rel1/bin/../lib/gcc/arm-none-eabi/13.3.1/thumb/v7e-m+fp/hard\libm.a
LOAD D:/Tools/Arm GNU Toolchain arm-none-eabi/13.3 rel1/bin/../lib/gcc/arm-none-eabi/13.3.1/thumb/v7e-m+fp/hard\libc_nano.a
START GROUP
LOAD D:/Tools/Arm GNU Toolchain arm-none-eabi/13.3 rel1/bin/../lib/gcc/arm-none-eabi/13.3.1/thumb/v7e-m+fp/hard\libgcc.a
LOAD D:/Tools/Arm GNU Toolchain arm-none-eabi/13.3 rel1/bin/../lib/gcc/arm-none-eabi/13.3.1/thumb/v7e-m+fp/hard\libg_nano.a
LOAD D:/Tools/Arm GNU Toolchain arm-none-eabi/13.3 rel1/bin/../lib/gcc/arm-none-eabi/13.3.1/thumb/v7e-m+fp/hard\libc_nano.a
END GROUP
START GROUP
LOAD D:/Tools/Arm GNU Toolchain arm-none-eabi/13.3 rel1/bin/../lib/gcc/arm-none-eabi/13.3.1/thumb/v7e-m+fp/hard\libgcc.a
LOAD D:/Tools/Arm GNU Toolchain arm-none-eabi/13.3 rel1/bin/../lib/gcc/arm-none-eabi/13.3.1/thumb/v7e-m+fp/hard\libc_nano.a
END GROUP
LOAD D:/Tools/Arm GNU Toolchain arm-none-eabi/13.3 rel1/bin/../lib/gcc/arm-none-eabi/13.3.1/thumb/v7e-m+fp/hard/crtend.o
LOAD D:/Tools/Arm GNU Toolchain arm-none-eabi/13.3 rel1/bin/../lib/gcc/arm-none-eabi/13.3.1/thumb/v7e-m+fp/hard/crtn.o
                0x20020000                        _estack = (ORIGIN (RAM) + LENGTH (RAM))
                0x00002000                        _Min_Heap_Size = 0x2000
                0x00002000                        _Min_Stack_Size = 0x2000

.isr_vector     0x08000000      0x188
                0x08000000                        . = ALIGN (0x4)
 *(.isr_vector)
 .isr_vector    0x08000000      0x188 CMakeFiles/IMU.dir/startup_stm32f407xx.s.obj
                0x08000000                g_pfnVectors
                0x08000188                        . = ALIGN (0x4)

.text           0x08000190     0x6924
                0x08000190                        . = ALIGN (0x4)
 *(.text)
 .text          0x08000190       0x30 D:/Tools/Arm GNU Toolchain arm-none-eabi/13.3 rel1/bin/../lib/gcc/arm-none-eabi/13.3.1/thumb/v7e-m+fp/hard\libgcc.a(_aeabi_uldivmod.o)
                0x08000190                __aeabi_uldivmod
 .text          0x080001c0        0x4 D:/Tools/Arm GNU Toolchain arm-none-eabi/13.3 rel1/bin/../lib/gcc/arm-none-eabi/13.3.1/thumb/v7e-m+fp/hard\libgcc.a(_dvmd_tls.o)
                0x080001c0                __aeabi_idiv0
                0x080001c0                __aeabi_ldiv0
 *(.text*)
 .text.deregister_tm_clones
                0x080001c4       0x1c D:/Tools/Arm GNU Toolchain arm-none-eabi/13.3 rel1/bin/../lib/gcc/arm-none-eabi/13.3.1/thumb/v7e-m+fp/hard/crtbegin.o
 .text.register_tm_clones
                0x080001e0       0x24 D:/Tools/Arm GNU Toolchain arm-none-eabi/13.3 rel1/bin/../lib/gcc/arm-none-eabi/13.3.1/thumb/v7e-m+fp/hard/crtbegin.o
 .text.__do_global_dtors_aux
                0x08000204       0x28 D:/Tools/Arm GNU Toolchain arm-none-eabi/13.3 rel1/bin/../lib/gcc/arm-none-eabi/13.3.1/thumb/v7e-m+fp/hard/crtbegin.o
 .text.frame_dummy
                0x0800022c       0x24 D:/Tools/Arm GNU Toolchain arm-none-eabi/13.3 rel1/bin/../lib/gcc/arm-none-eabi/13.3.1/thumb/v7e-m+fp/hard/crtbegin.o
 .text.main     0x08000250       0x58 CMakeFiles/IMU.dir/Core/Src/main.c.obj
                0x08000250                main
 .text.SystemClock_Config
                0x080002a8       0xd4 CMakeFiles/IMU.dir/Core/Src/main.c.obj
                0x080002a8                SystemClock_Config
 .text.HAL_TIM_PeriodElapsedCallback
                0x0800037c       0x24 CMakeFiles/IMU.dir/Core/Src/main.c.obj
                0x0800037c                HAL_TIM_PeriodElapsedCallback
 .text.Error_Handler
                0x080003a0        0xc CMakeFiles/IMU.dir/Core/Src/main.c.obj
                0x080003a0                Error_Handler
 .text.MX_GPIO_Init
                0x080003ac      0x224 CMakeFiles/IMU.dir/Core/Src/gpio.c.obj
                0x080003ac                MX_GPIO_Init
 .text.vApplicationGetIdleTaskMemory
                0x080005d0       0x34 CMakeFiles/IMU.dir/Core/Src/freertos.c.obj
                0x080005d0                vApplicationGetIdleTaskMemory
 .text.MX_FREERTOS_Init
                0x08000604       0x38 CMakeFiles/IMU.dir/Core/Src/freertos.c.obj
                0x08000604                MX_FREERTOS_Init
 .text.StartDefaultTask
                0x0800063c       0x10 CMakeFiles/IMU.dir/Core/Src/freertos.c.obj
                0x0800063c                StartDefaultTask
 .text.MX_CAN1_Init
                0x0800064c       0x6c CMakeFiles/IMU.dir/Core/Src/can.c.obj
                0x0800064c                MX_CAN1_Init
 .text.MX_CAN2_Init
                0x080006b8       0x6c CMakeFiles/IMU.dir/Core/Src/can.c.obj
                0x080006b8                MX_CAN2_Init
 .text.HAL_CAN_MspInit
                0x08000724      0x160 CMakeFiles/IMU.dir/Core/Src/can.c.obj
                0x08000724                HAL_CAN_MspInit
 .text.MX_DMA_Init
                0x08000884       0xbc CMakeFiles/IMU.dir/Core/Src/dma.c.obj
                0x08000884                MX_DMA_Init
 .text.MX_SPI1_Init
                0x08000940       0x6c CMakeFiles/IMU.dir/Core/Src/spi.c.obj
                0x08000940                MX_SPI1_Init
 .text.HAL_SPI_MspInit
                0x080009ac      0x19c CMakeFiles/IMU.dir/Core/Src/spi.c.obj
                0x080009ac                HAL_SPI_MspInit
 .text.MX_TIM1_Init
                0x08000b48      0x18c CMakeFiles/IMU.dir/Core/Src/tim.c.obj
                0x08000b48                MX_TIM1_Init
 .text.MX_TIM2_Init
                0x08000cd4       0x98 CMakeFiles/IMU.dir/Core/Src/tim.c.obj
                0x08000cd4                MX_TIM2_Init
 .text.MX_TIM3_Init
                0x08000d6c       0x9c CMakeFiles/IMU.dir/Core/Src/tim.c.obj
                0x08000d6c                MX_TIM3_Init
 .text.MX_TIM4_Init
                0x08000e08       0x9c CMakeFiles/IMU.dir/Core/Src/tim.c.obj
                0x08000e08                MX_TIM4_Init
 .text.MX_TIM5_Init
                0x08000ea4       0x9c CMakeFiles/IMU.dir/Core/Src/tim.c.obj
                0x08000ea4                MX_TIM5_Init
 .text.MX_TIM6_Init
                0x08000f40       0x6c CMakeFiles/IMU.dir/Core/Src/tim.c.obj
                0x08000f40                MX_TIM6_Init
 .text.MX_TIM8_Init
                0x08000fac      0x174 CMakeFiles/IMU.dir/Core/Src/tim.c.obj
                0x08000fac                MX_TIM8_Init
 .text.MX_TIM10_Init
                0x08001120       0x9c CMakeFiles/IMU.dir/Core/Src/tim.c.obj
                0x08001120                MX_TIM10_Init
 .text.HAL_TIM_Base_MspInit
                0x080011bc      0x1c0 CMakeFiles/IMU.dir/Core/Src/tim.c.obj
                0x080011bc                HAL_TIM_Base_MspInit
 .text.HAL_TIM_MspPostInit
                0x0800137c      0x154 CMakeFiles/IMU.dir/Core/Src/tim.c.obj
                0x0800137c                HAL_TIM_MspPostInit
 .text.MX_USART1_UART_Init
                0x080014d0       0x54 CMakeFiles/IMU.dir/Core/Src/usart.c.obj
                0x080014d0                MX_USART1_UART_Init
 .text.MX_USART3_UART_Init
                0x08001524       0x58 CMakeFiles/IMU.dir/Core/Src/usart.c.obj
                0x08001524                MX_USART3_UART_Init
 .text.MX_USART6_UART_Init
                0x0800157c       0x54 CMakeFiles/IMU.dir/Core/Src/usart.c.obj
                0x0800157c                MX_USART6_UART_Init
 .text.HAL_UART_MspInit
                0x080015d0      0x3e4 CMakeFiles/IMU.dir/Core/Src/usart.c.obj
                0x080015d0                HAL_UART_MspInit
 .text.NMI_Handler
                0x080019b4        0x8 CMakeFiles/IMU.dir/Core/Src/stm32f4xx_it.c.obj
                0x080019b4                NMI_Handler
 .text.HardFault_Handler
                0x080019bc        0x8 CMakeFiles/IMU.dir/Core/Src/stm32f4xx_it.c.obj
                0x080019bc                HardFault_Handler
 .text.MemManage_Handler
                0x080019c4        0x8 CMakeFiles/IMU.dir/Core/Src/stm32f4xx_it.c.obj
                0x080019c4                MemManage_Handler
 .text.BusFault_Handler
                0x080019cc        0x8 CMakeFiles/IMU.dir/Core/Src/stm32f4xx_it.c.obj
                0x080019cc                BusFault_Handler
 .text.UsageFault_Handler
                0x080019d4        0x8 CMakeFiles/IMU.dir/Core/Src/stm32f4xx_it.c.obj
                0x080019d4                UsageFault_Handler
 .text.DebugMon_Handler
                0x080019dc        0xe CMakeFiles/IMU.dir/Core/Src/stm32f4xx_it.c.obj
                0x080019dc                DebugMon_Handler
 .text.EXTI4_IRQHandler
                0x080019ea        0xe CMakeFiles/IMU.dir/Core/Src/stm32f4xx_it.c.obj
                0x080019ea                EXTI4_IRQHandler
 .text.DMA1_Stream1_IRQHandler
                0x080019f8       0x14 CMakeFiles/IMU.dir/Core/Src/stm32f4xx_it.c.obj
                0x080019f8                DMA1_Stream1_IRQHandler
 .text.CAN1_RX0_IRQHandler
                0x08001a0c       0x14 CMakeFiles/IMU.dir/Core/Src/stm32f4xx_it.c.obj
                0x08001a0c                CAN1_RX0_IRQHandler
 .text.EXTI9_5_IRQHandler
                0x08001a20        0xe CMakeFiles/IMU.dir/Core/Src/stm32f4xx_it.c.obj
                0x08001a20                EXTI9_5_IRQHandler
 *fill*         0x08001a2e        0x2 
 .text.TIM2_IRQHandler
                0x08001a30       0x14 CMakeFiles/IMU.dir/Core/Src/stm32f4xx_it.c.obj
                0x08001a30                TIM2_IRQHandler
 .text.TIM7_IRQHandler
                0x08001a44       0x14 CMakeFiles/IMU.dir/Core/Src/stm32f4xx_it.c.obj
                0x08001a44                TIM7_IRQHandler
 .text.DMA2_Stream1_IRQHandler
                0x08001a58       0x14 CMakeFiles/IMU.dir/Core/Src/stm32f4xx_it.c.obj
                0x08001a58                DMA2_Stream1_IRQHandler
 .text.DMA2_Stream2_IRQHandler
                0x08001a6c       0x14 CMakeFiles/IMU.dir/Core/Src/stm32f4xx_it.c.obj
                0x08001a6c                DMA2_Stream2_IRQHandler
 .text.DMA2_Stream3_IRQHandler
                0x08001a80       0x14 CMakeFiles/IMU.dir/Core/Src/stm32f4xx_it.c.obj
                0x08001a80                DMA2_Stream3_IRQHandler
 .text.CAN2_RX0_IRQHandler
                0x08001a94       0x14 CMakeFiles/IMU.dir/Core/Src/stm32f4xx_it.c.obj
                0x08001a94                CAN2_RX0_IRQHandler
 .text.DMA2_Stream6_IRQHandler
                0x08001aa8       0x14 CMakeFiles/IMU.dir/Core/Src/stm32f4xx_it.c.obj
                0x08001aa8                DMA2_Stream6_IRQHandler
 .text.DMA2_Stream7_IRQHandler
                0x08001abc       0x14 CMakeFiles/IMU.dir/Core/Src/stm32f4xx_it.c.obj
                0x08001abc                DMA2_Stream7_IRQHandler
 .text.HAL_MspInit
                0x08001ad0       0x58 CMakeFiles/IMU.dir/Core/Src/stm32f4xx_hal_msp.c.obj
                0x08001ad0                HAL_MspInit
 .text.HAL_InitTick
                0x08001b28       0xf8 CMakeFiles/IMU.dir/Core/Src/stm32f4xx_hal_timebase_tim.c.obj
                0x08001b28                HAL_InitTick
 .text.HAL_CAN_Init
                0x08001c20      0x28c CMakeFiles/IMU.dir/Drivers/STM32F4xx_HAL_Driver/Src/stm32f4xx_hal_can.c.obj
                0x08001c20                HAL_CAN_Init
 .text.HAL_CAN_IRQHandler
                0x08001eac      0x38a CMakeFiles/IMU.dir/Drivers/STM32F4xx_HAL_Driver/Src/stm32f4xx_hal_can.c.obj
                0x08001eac                HAL_CAN_IRQHandler
 .text.HAL_CAN_TxMailbox0CompleteCallback
                0x08002236       0x14 CMakeFiles/IMU.dir/Drivers/STM32F4xx_HAL_Driver/Src/stm32f4xx_hal_can.c.obj
                0x08002236                HAL_CAN_TxMailbox0CompleteCallback
 .text.HAL_CAN_TxMailbox1CompleteCallback
                0x0800224a       0x14 CMakeFiles/IMU.dir/Drivers/STM32F4xx_HAL_Driver/Src/stm32f4xx_hal_can.c.obj
                0x0800224a                HAL_CAN_TxMailbox1CompleteCallback
 .text.HAL_CAN_TxMailbox2CompleteCallback
                0x0800225e       0x14 CMakeFiles/IMU.dir/Drivers/STM32F4xx_HAL_Driver/Src/stm32f4xx_hal_can.c.obj
                0x0800225e                HAL_CAN_TxMailbox2CompleteCallback
 .text.HAL_CAN_TxMailbox0AbortCallback
                0x08002272       0x14 CMakeFiles/IMU.dir/Drivers/STM32F4xx_HAL_Driver/Src/stm32f4xx_hal_can.c.obj
                0x08002272                HAL_CAN_TxMailbox0AbortCallback
 .text.HAL_CAN_TxMailbox1AbortCallback
                0x08002286       0x14 CMakeFiles/IMU.dir/Drivers/STM32F4xx_HAL_Driver/Src/stm32f4xx_hal_can.c.obj
                0x08002286                HAL_CAN_TxMailbox1AbortCallback
 .text.HAL_CAN_TxMailbox2AbortCallback
                0x0800229a       0x14 CMakeFiles/IMU.dir/Drivers/STM32F4xx_HAL_Driver/Src/stm32f4xx_hal_can.c.obj
                0x0800229a                HAL_CAN_TxMailbox2AbortCallback
 .text.HAL_CAN_RxFifo0MsgPendingCallback
                0x080022ae       0x14 CMakeFiles/IMU.dir/Drivers/STM32F4xx_HAL_Driver/Src/stm32f4xx_hal_can.c.obj
                0x080022ae                HAL_CAN_RxFifo0MsgPendingCallback
 .text.HAL_CAN_RxFifo0FullCallback
                0x080022c2       0x14 CMakeFiles/IMU.dir/Drivers/STM32F4xx_HAL_Driver/Src/stm32f4xx_hal_can.c.obj
                0x080022c2                HAL_CAN_RxFifo0FullCallback
 .text.HAL_CAN_RxFifo1MsgPendingCallback
                0x080022d6       0x14 CMakeFiles/IMU.dir/Drivers/STM32F4xx_HAL_Driver/Src/stm32f4xx_hal_can.c.obj
                0x080022d6                HAL_CAN_RxFifo1MsgPendingCallback
 .text.HAL_CAN_RxFifo1FullCallback
                0x080022ea       0x14 CMakeFiles/IMU.dir/Drivers/STM32F4xx_HAL_Driver/Src/stm32f4xx_hal_can.c.obj
                0x080022ea                HAL_CAN_RxFifo1FullCallback
 .text.HAL_CAN_SleepCallback
                0x080022fe       0x14 CMakeFiles/IMU.dir/Drivers/STM32F4xx_HAL_Driver/Src/stm32f4xx_hal_can.c.obj
                0x080022fe                HAL_CAN_SleepCallback
 .text.HAL_CAN_WakeUpFromRxMsgCallback
                0x08002312       0x14 CMakeFiles/IMU.dir/Drivers/STM32F4xx_HAL_Driver/Src/stm32f4xx_hal_can.c.obj
                0x08002312                HAL_CAN_WakeUpFromRxMsgCallback
 .text.HAL_CAN_ErrorCallback
                0x08002326       0x14 CMakeFiles/IMU.dir/Drivers/STM32F4xx_HAL_Driver/Src/stm32f4xx_hal_can.c.obj
                0x08002326                HAL_CAN_ErrorCallback
 *fill*         0x0800233a        0x2 
 .text.HAL_RCC_OscConfig
                0x0800233c      0x4f0 CMakeFiles/IMU.dir/Drivers/STM32F4xx_HAL_Driver/Src/stm32f4xx_hal_rcc.c.obj
                0x0800233c                HAL_RCC_OscConfig
 .text.HAL_RCC_ClockConfig
                0x0800282c      0x1cc CMakeFiles/IMU.dir/Drivers/STM32F4xx_HAL_Driver/Src/stm32f4xx_hal_rcc.c.obj
                0x0800282c                HAL_RCC_ClockConfig
 .text.HAL_RCC_GetSysClockFreq
                0x080029f8      0x18c CMakeFiles/IMU.dir/Drivers/STM32F4xx_HAL_Driver/Src/stm32f4xx_hal_rcc.c.obj
                0x080029f8                HAL_RCC_GetSysClockFreq
 .text.HAL_RCC_GetHCLKFreq
                0x08002b84       0x18 CMakeFiles/IMU.dir/Drivers/STM32F4xx_HAL_Driver/Src/stm32f4xx_hal_rcc.c.obj
                0x08002b84                HAL_RCC_GetHCLKFreq
 .text.HAL_RCC_GetPCLK1Freq
                0x08002b9c       0x28 CMakeFiles/IMU.dir/Drivers/STM32F4xx_HAL_Driver/Src/stm32f4xx_hal_rcc.c.obj
                0x08002b9c                HAL_RCC_GetPCLK1Freq
 .text.HAL_RCC_GetPCLK2Freq
                0x08002bc4       0x28 CMakeFiles/IMU.dir/Drivers/STM32F4xx_HAL_Driver/Src/stm32f4xx_hal_rcc.c.obj
                0x08002bc4                HAL_RCC_GetPCLK2Freq
 .text.HAL_RCC_GetClockConfig
                0x08002bec       0x64 CMakeFiles/IMU.dir/Drivers/STM32F4xx_HAL_Driver/Src/stm32f4xx_hal_rcc.c.obj
                0x08002bec                HAL_RCC_GetClockConfig
 .text.HAL_GPIO_Init
                0x08002c50      0x338 CMakeFiles/IMU.dir/Drivers/STM32F4xx_HAL_Driver/Src/stm32f4xx_hal_gpio.c.obj
                0x08002c50                HAL_GPIO_Init
 .text.HAL_GPIO_WritePin
                0x08002f88       0x32 CMakeFiles/IMU.dir/Drivers/STM32F4xx_HAL_Driver/Src/stm32f4xx_hal_gpio.c.obj
                0x08002f88                HAL_GPIO_WritePin
 *fill*         0x08002fba        0x2 
 .text.HAL_GPIO_EXTI_IRQHandler
                0x08002fbc       0x30 CMakeFiles/IMU.dir/Drivers/STM32F4xx_HAL_Driver/Src/stm32f4xx_hal_gpio.c.obj
                0x08002fbc                HAL_GPIO_EXTI_IRQHandler
 .text.HAL_GPIO_EXTI_Callback
                0x08002fec       0x16 CMakeFiles/IMU.dir/Drivers/STM32F4xx_HAL_Driver/Src/stm32f4xx_hal_gpio.c.obj
                0x08002fec                HAL_GPIO_EXTI_Callback
 *fill*         0x08003002        0x2 
 .text.HAL_DMA_Init
                0x08003004      0x15c CMakeFiles/IMU.dir/Drivers/STM32F4xx_HAL_Driver/Src/stm32f4xx_hal_dma.c.obj
                0x08003004                HAL_DMA_Init
 .text.HAL_DMA_IRQHandler
                0x08003160      0x314 CMakeFiles/IMU.dir/Drivers/STM32F4xx_HAL_Driver/Src/stm32f4xx_hal_dma.c.obj
                0x08003160                HAL_DMA_IRQHandler
 .text.DMA_CalcBaseAndBitshift
                0x08003474       0x6c CMakeFiles/IMU.dir/Drivers/STM32F4xx_HAL_Driver/Src/stm32f4xx_hal_dma.c.obj
 .text.DMA_CheckFifoParam
                0x080034e0       0xf8 CMakeFiles/IMU.dir/Drivers/STM32F4xx_HAL_Driver/Src/stm32f4xx_hal_dma.c.obj
 .text.__NVIC_SetPriorityGrouping
                0x080035d8       0x48 CMakeFiles/IMU.dir/Drivers/STM32F4xx_HAL_Driver/Src/stm32f4xx_hal_cortex.c.obj
 .text.__NVIC_GetPriorityGrouping
                0x08003620       0x1c CMakeFiles/IMU.dir/Drivers/STM32F4xx_HAL_Driver/Src/stm32f4xx_hal_cortex.c.obj
 .text.__NVIC_EnableIRQ
                0x0800363c       0x3c CMakeFiles/IMU.dir/Drivers/STM32F4xx_HAL_Driver/Src/stm32f4xx_hal_cortex.c.obj
 .text.__NVIC_SetPriority
                0x08003678       0x54 CMakeFiles/IMU.dir/Drivers/STM32F4xx_HAL_Driver/Src/stm32f4xx_hal_cortex.c.obj
 .text.NVIC_EncodePriority
                0x080036cc       0x66 CMakeFiles/IMU.dir/Drivers/STM32F4xx_HAL_Driver/Src/stm32f4xx_hal_cortex.c.obj
 .text.HAL_NVIC_SetPriorityGrouping
                0x08003732       0x16 CMakeFiles/IMU.dir/Drivers/STM32F4xx_HAL_Driver/Src/stm32f4xx_hal_cortex.c.obj
                0x08003732                HAL_NVIC_SetPriorityGrouping
 .text.HAL_NVIC_SetPriority
                0x08003748       0x38 CMakeFiles/IMU.dir/Drivers/STM32F4xx_HAL_Driver/Src/stm32f4xx_hal_cortex.c.obj
                0x08003748                HAL_NVIC_SetPriority
 .text.HAL_NVIC_EnableIRQ
                0x08003780       0x1c CMakeFiles/IMU.dir/Drivers/STM32F4xx_HAL_Driver/Src/stm32f4xx_hal_cortex.c.obj
                0x08003780                HAL_NVIC_EnableIRQ
 .text.HAL_Init
                0x0800379c       0x44 CMakeFiles/IMU.dir/Drivers/STM32F4xx_HAL_Driver/Src/stm32f4xx_hal.c.obj
                0x0800379c                HAL_Init
 .text.HAL_IncTick
                0x080037e0       0x28 CMakeFiles/IMU.dir/Drivers/STM32F4xx_HAL_Driver/Src/stm32f4xx_hal.c.obj
                0x080037e0                HAL_IncTick
 .text.HAL_GetTick
                0x08003808       0x18 CMakeFiles/IMU.dir/Drivers/STM32F4xx_HAL_Driver/Src/stm32f4xx_hal.c.obj
                0x08003808                HAL_GetTick
 .text.HAL_SPI_Init
                0x08003820      0x178 CMakeFiles/IMU.dir/Drivers/STM32F4xx_HAL_Driver/Src/stm32f4xx_hal_spi.c.obj
                0x08003820                HAL_SPI_Init
 .text.HAL_SPI_TxCpltCallback
                0x08003998       0x14 CMakeFiles/IMU.dir/Drivers/STM32F4xx_HAL_Driver/Src/stm32f4xx_hal_spi.c.obj
                0x08003998                HAL_SPI_TxCpltCallback
 .text.HAL_SPI_RxCpltCallback
                0x080039ac       0x14 CMakeFiles/IMU.dir/Drivers/STM32F4xx_HAL_Driver/Src/stm32f4xx_hal_spi.c.obj
                0x080039ac                HAL_SPI_RxCpltCallback
 .text.HAL_SPI_TxRxCpltCallback
                0x080039c0       0x14 CMakeFiles/IMU.dir/Drivers/STM32F4xx_HAL_Driver/Src/stm32f4xx_hal_spi.c.obj
                0x080039c0                HAL_SPI_TxRxCpltCallback
 .text.HAL_SPI_TxHalfCpltCallback
                0x080039d4       0x14 CMakeFiles/IMU.dir/Drivers/STM32F4xx_HAL_Driver/Src/stm32f4xx_hal_spi.c.obj
                0x080039d4                HAL_SPI_TxHalfCpltCallback
 .text.HAL_SPI_RxHalfCpltCallback
                0x080039e8       0x14 CMakeFiles/IMU.dir/Drivers/STM32F4xx_HAL_Driver/Src/stm32f4xx_hal_spi.c.obj
                0x080039e8                HAL_SPI_RxHalfCpltCallback
 .text.HAL_SPI_TxRxHalfCpltCallback
                0x080039fc       0x14 CMakeFiles/IMU.dir/Drivers/STM32F4xx_HAL_Driver/Src/stm32f4xx_hal_spi.c.obj
                0x080039fc                HAL_SPI_TxRxHalfCpltCallback
 .text.HAL_SPI_ErrorCallback
                0x08003a10       0x14 CMakeFiles/IMU.dir/Drivers/STM32F4xx_HAL_Driver/Src/stm32f4xx_hal_spi.c.obj
                0x08003a10                HAL_SPI_ErrorCallback
 .text.HAL_SPI_AbortCpltCallback
                0x08003a24       0x14 CMakeFiles/IMU.dir/Drivers/STM32F4xx_HAL_Driver/Src/stm32f4xx_hal_spi.c.obj
                0x08003a24                HAL_SPI_AbortCpltCallback
 .text.HAL_TIM_Base_Init
                0x08003a38       0x9e CMakeFiles/IMU.dir/Drivers/STM32F4xx_HAL_Driver/Src/stm32f4xx_hal_tim.c.obj
                0x08003a38                HAL_TIM_Base_Init
 *fill*         0x08003ad6        0x2 
 .text.HAL_TIM_Base_Start_IT
                0x08003ad8       0xe0 CMakeFiles/IMU.dir/Drivers/STM32F4xx_HAL_Driver/Src/stm32f4xx_hal_tim.c.obj
                0x08003ad8                HAL_TIM_Base_Start_IT
 .text.HAL_TIM_PWM_Init
                0x08003bb8       0x9e CMakeFiles/IMU.dir/Drivers/STM32F4xx_HAL_Driver/Src/stm32f4xx_hal_tim.c.obj
                0x08003bb8                HAL_TIM_PWM_Init
 .text.HAL_TIM_PWM_MspInit
                0x08003c56       0x14 CMakeFiles/IMU.dir/Drivers/STM32F4xx_HAL_Driver/Src/stm32f4xx_hal_tim.c.obj
                0x08003c56                HAL_TIM_PWM_MspInit
 .text.HAL_TIM_IRQHandler
                0x08003c6a      0x1e0 CMakeFiles/IMU.dir/Drivers/STM32F4xx_HAL_Driver/Src/stm32f4xx_hal_tim.c.obj
                0x08003c6a                HAL_TIM_IRQHandler
 *fill*         0x08003e4a        0x2 
 .text.HAL_TIM_PWM_ConfigChannel
                0x08003e4c      0x184 CMakeFiles/IMU.dir/Drivers/STM32F4xx_HAL_Driver/Src/stm32f4xx_hal_tim.c.obj
                0x08003e4c                HAL_TIM_PWM_ConfigChannel
 .text.HAL_TIM_ConfigClockSource
                0x08003fd0      0x18e CMakeFiles/IMU.dir/Drivers/STM32F4xx_HAL_Driver/Src/stm32f4xx_hal_tim.c.obj
                0x08003fd0                HAL_TIM_ConfigClockSource
 .text.HAL_TIM_OC_DelayElapsedCallback
                0x0800415e       0x14 CMakeFiles/IMU.dir/Drivers/STM32F4xx_HAL_Driver/Src/stm32f4xx_hal_tim.c.obj
                0x0800415e                HAL_TIM_OC_DelayElapsedCallback
 .text.HAL_TIM_IC_CaptureCallback
                0x08004172       0x14 CMakeFiles/IMU.dir/Drivers/STM32F4xx_HAL_Driver/Src/stm32f4xx_hal_tim.c.obj
                0x08004172                HAL_TIM_IC_CaptureCallback
 .text.HAL_TIM_PWM_PulseFinishedCallback
                0x08004186       0x14 CMakeFiles/IMU.dir/Drivers/STM32F4xx_HAL_Driver/Src/stm32f4xx_hal_tim.c.obj
                0x08004186                HAL_TIM_PWM_PulseFinishedCallback
 .text.HAL_TIM_TriggerCallback
                0x0800419a       0x14 CMakeFiles/IMU.dir/Drivers/STM32F4xx_HAL_Driver/Src/stm32f4xx_hal_tim.c.obj
                0x0800419a                HAL_TIM_TriggerCallback
 *fill*         0x080041ae        0x2 
 .text.TIM_Base_SetConfig
                0x080041b0      0x158 CMakeFiles/IMU.dir/Drivers/STM32F4xx_HAL_Driver/Src/stm32f4xx_hal_tim.c.obj
                0x080041b0                TIM_Base_SetConfig
 .text.TIM_OC1_SetConfig
                0x08004308       0xe0 CMakeFiles/IMU.dir/Drivers/STM32F4xx_HAL_Driver/Src/stm32f4xx_hal_tim.c.obj
 .text.TIM_OC2_SetConfig
                0x080043e8       0xec CMakeFiles/IMU.dir/Drivers/STM32F4xx_HAL_Driver/Src/stm32f4xx_hal_tim.c.obj
                0x080043e8                TIM_OC2_SetConfig
 .text.TIM_OC3_SetConfig
                0x080044d4       0xe8 CMakeFiles/IMU.dir/Drivers/STM32F4xx_HAL_Driver/Src/stm32f4xx_hal_tim.c.obj
 .text.TIM_OC4_SetConfig
                0x080045bc       0xac CMakeFiles/IMU.dir/Drivers/STM32F4xx_HAL_Driver/Src/stm32f4xx_hal_tim.c.obj
 .text.TIM_TI1_ConfigInputStage
                0x08004668       0x5e CMakeFiles/IMU.dir/Drivers/STM32F4xx_HAL_Driver/Src/stm32f4xx_hal_tim.c.obj
 .text.TIM_TI2_ConfigInputStage
                0x080046c6       0x60 CMakeFiles/IMU.dir/Drivers/STM32F4xx_HAL_Driver/Src/stm32f4xx_hal_tim.c.obj
 .text.TIM_ITRx_SetConfig
                0x08004726       0x36 CMakeFiles/IMU.dir/Drivers/STM32F4xx_HAL_Driver/Src/stm32f4xx_hal_tim.c.obj
 .text.TIM_ETR_SetConfig
                0x0800475c       0x40 CMakeFiles/IMU.dir/Drivers/STM32F4xx_HAL_Driver/Src/stm32f4xx_hal_tim.c.obj
                0x0800475c                TIM_ETR_SetConfig
 .text.HAL_TIMEx_MasterConfigSynchronization
                0x0800479c       0xf8 CMakeFiles/IMU.dir/Drivers/STM32F4xx_HAL_Driver/Src/stm32f4xx_hal_tim_ex.c.obj
                0x0800479c                HAL_TIMEx_MasterConfigSynchronization
 .text.HAL_TIMEx_ConfigBreakDeadTime
                0x08004894       0xa4 CMakeFiles/IMU.dir/Drivers/STM32F4xx_HAL_Driver/Src/stm32f4xx_hal_tim_ex.c.obj
                0x08004894                HAL_TIMEx_ConfigBreakDeadTime
 .text.HAL_TIMEx_CommutCallback
                0x08004938       0x14 CMakeFiles/IMU.dir/Drivers/STM32F4xx_HAL_Driver/Src/stm32f4xx_hal_tim_ex.c.obj
                0x08004938                HAL_TIMEx_CommutCallback
 .text.HAL_TIMEx_BreakCallback
                0x0800494c       0x14 CMakeFiles/IMU.dir/Drivers/STM32F4xx_HAL_Driver/Src/stm32f4xx_hal_tim_ex.c.obj
                0x0800494c                HAL_TIMEx_BreakCallback
 .text.HAL_UART_Init
                0x08004960       0xbc CMakeFiles/IMU.dir/Drivers/STM32F4xx_HAL_Driver/Src/stm32f4xx_hal_uart.c.obj
                0x08004960                HAL_UART_Init
 .text.HAL_UART_TxCpltCallback
                0x08004a1c       0x14 CMakeFiles/IMU.dir/Drivers/STM32F4xx_HAL_Driver/Src/stm32f4xx_hal_uart.c.obj
                0x08004a1c                HAL_UART_TxCpltCallback
 .text.HAL_UART_TxHalfCpltCallback
                0x08004a30       0x14 CMakeFiles/IMU.dir/Drivers/STM32F4xx_HAL_Driver/Src/stm32f4xx_hal_uart.c.obj
                0x08004a30                HAL_UART_TxHalfCpltCallback
 .text.HAL_UART_RxCpltCallback
                0x08004a44       0x14 CMakeFiles/IMU.dir/Drivers/STM32F4xx_HAL_Driver/Src/stm32f4xx_hal_uart.c.obj
                0x08004a44                HAL_UART_RxCpltCallback
 .text.HAL_UART_RxHalfCpltCallback
                0x08004a58       0x14 CMakeFiles/IMU.dir/Drivers/STM32F4xx_HAL_Driver/Src/stm32f4xx_hal_uart.c.obj
                0x08004a58                HAL_UART_RxHalfCpltCallback
 .text.HAL_UART_ErrorCallback
                0x08004a6c       0x14 CMakeFiles/IMU.dir/Drivers/STM32F4xx_HAL_Driver/Src/stm32f4xx_hal_uart.c.obj
                0x08004a6c                HAL_UART_ErrorCallback
 .text.HAL_UART_AbortCpltCallback
                0x08004a80       0x14 CMakeFiles/IMU.dir/Drivers/STM32F4xx_HAL_Driver/Src/stm32f4xx_hal_uart.c.obj
                0x08004a80                HAL_UART_AbortCpltCallback
 .text.HAL_UART_AbortTransmitCpltCallback
                0x08004a94       0x14 CMakeFiles/IMU.dir/Drivers/STM32F4xx_HAL_Driver/Src/stm32f4xx_hal_uart.c.obj
                0x08004a94                HAL_UART_AbortTransmitCpltCallback
 .text.HAL_UART_AbortReceiveCpltCallback
                0x08004aa8       0x14 CMakeFiles/IMU.dir/Drivers/STM32F4xx_HAL_Driver/Src/stm32f4xx_hal_uart.c.obj
                0x08004aa8                HAL_UART_AbortReceiveCpltCallback
 .text.HAL_UARTEx_RxEventCallback
                0x08004abc       0x18 CMakeFiles/IMU.dir/Drivers/STM32F4xx_HAL_Driver/Src/stm32f4xx_hal_uart.c.obj
                0x08004abc                HAL_UARTEx_RxEventCallback
 .text.UART_InitCallbacksToDefault
                0x08004ad4       0x70 CMakeFiles/IMU.dir/Drivers/STM32F4xx_HAL_Driver/Src/stm32f4xx_hal_uart.c.obj
                0x08004ad4                UART_InitCallbacksToDefault
 .text.UART_SetConfig
                0x08004b44      0x4e8 CMakeFiles/IMU.dir/Drivers/STM32F4xx_HAL_Driver/Src/stm32f4xx_hal_uart.c.obj
 .text.SystemInit
                0x0800502c       0x24 CMakeFiles/IMU.dir/Core/Src/system_stm32f4xx.c.obj
                0x0800502c                SystemInit
 .text.vListInitialise
                0x08005050       0x40 CMakeFiles/IMU.dir/Middlewares/Third_Party/FreeRTOS/Source/list.c.obj
                0x08005050                vListInitialise
 .text.vListInitialiseItem
                0x08005090       0x1a CMakeFiles/IMU.dir/Middlewares/Third_Party/FreeRTOS/Source/list.c.obj
                0x08005090                vListInitialiseItem
 .text.vListInsertEnd
                0x080050aa       0x48 CMakeFiles/IMU.dir/Middlewares/Third_Party/FreeRTOS/Source/list.c.obj
                0x080050aa                vListInsertEnd
 .text.vListInsert
                0x080050f2       0x72 CMakeFiles/IMU.dir/Middlewares/Third_Party/FreeRTOS/Source/list.c.obj
                0x080050f2                vListInsert
 .text.uxListRemove
                0x08005164       0x54 CMakeFiles/IMU.dir/Middlewares/Third_Party/FreeRTOS/Source/list.c.obj
                0x08005164                uxListRemove
 .text.xTaskCreateStatic
                0x080051b8       0xc4 CMakeFiles/IMU.dir/Middlewares/Third_Party/FreeRTOS/Source/tasks.c.obj
                0x080051b8                xTaskCreateStatic
 .text.xTaskCreate
                0x0800527c       0x8c CMakeFiles/IMU.dir/Middlewares/Third_Party/FreeRTOS/Source/tasks.c.obj
                0x0800527c                xTaskCreate
 .text.prvInitialiseNewTask
                0x08005308      0x190 CMakeFiles/IMU.dir/Middlewares/Third_Party/FreeRTOS/Source/tasks.c.obj
 .text.prvAddNewTaskToReadyList
                0x08005498       0xd4 CMakeFiles/IMU.dir/Middlewares/Third_Party/FreeRTOS/Source/tasks.c.obj
 .text.vTaskDelay
                0x0800556c       0x6c CMakeFiles/IMU.dir/Middlewares/Third_Party/FreeRTOS/Source/tasks.c.obj
                0x0800556c                vTaskDelay
 .text.vTaskStartScheduler
                0x080055d8       0xd4 CMakeFiles/IMU.dir/Middlewares/Third_Party/FreeRTOS/Source/tasks.c.obj
                0x080055d8                vTaskStartScheduler
 .text.vTaskSuspendAll
                0x080056ac       0x1c CMakeFiles/IMU.dir/Middlewares/Third_Party/FreeRTOS/Source/tasks.c.obj
                0x080056ac                vTaskSuspendAll
 .text.xTaskResumeAll
                0x080056c8      0x13c CMakeFiles/IMU.dir/Middlewares/Third_Party/FreeRTOS/Source/tasks.c.obj
                0x080056c8                xTaskResumeAll
 .text.xTaskIncrementTick
                0x08005804      0x174 CMakeFiles/IMU.dir/Middlewares/Third_Party/FreeRTOS/Source/tasks.c.obj
                0x08005804                xTaskIncrementTick
 .text.vTaskSwitchContext
                0x08005978       0xc8 CMakeFiles/IMU.dir/Middlewares/Third_Party/FreeRTOS/Source/tasks.c.obj
                0x08005978                vTaskSwitchContext
 .text.prvIdleTask
                0x08005a40       0x30 CMakeFiles/IMU.dir/Middlewares/Third_Party/FreeRTOS/Source/tasks.c.obj
 .text.prvInitialiseTaskLists
                0x08005a70       0x80 CMakeFiles/IMU.dir/Middlewares/Third_Party/FreeRTOS/Source/tasks.c.obj
 .text.prvCheckTasksWaitingTermination
                0x08005af0       0x5c CMakeFiles/IMU.dir/Middlewares/Third_Party/FreeRTOS/Source/tasks.c.obj
 .text.prvDeleteTCB
                0x08005b4c       0x6a CMakeFiles/IMU.dir/Middlewares/Third_Party/FreeRTOS/Source/tasks.c.obj
 *fill*         0x08005bb6        0x2 
 .text.prvResetNextTaskUnblockTime
                0x08005bb8       0x40 CMakeFiles/IMU.dir/Middlewares/Third_Party/FreeRTOS/Source/tasks.c.obj
 .text.prvAddCurrentTaskToDelayedList
                0x08005bf8       0xcc CMakeFiles/IMU.dir/Middlewares/Third_Party/FreeRTOS/Source/tasks.c.obj
 .text.makeFreeRtosPriority
                0x08005cc4       0x30 CMakeFiles/IMU.dir/Middlewares/Third_Party/FreeRTOS/Source/CMSIS_RTOS/cmsis_os.c.obj
 .text.osKernelStart
                0x08005cf4        0xe CMakeFiles/IMU.dir/Middlewares/Third_Party/FreeRTOS/Source/CMSIS_RTOS/cmsis_os.c.obj
                0x08005cf4                osKernelStart
 .text.osThreadCreate
                0x08005d02       0x98 CMakeFiles/IMU.dir/Middlewares/Third_Party/FreeRTOS/Source/CMSIS_RTOS/cmsis_os.c.obj
                0x08005d02                osThreadCreate
 .text.osDelay  0x08005d9a       0x28 CMakeFiles/IMU.dir/Middlewares/Third_Party/FreeRTOS/Source/CMSIS_RTOS/cmsis_os.c.obj
                0x08005d9a                osDelay
 *fill*         0x08005dc2        0x2 
 .text.pvPortMalloc
                0x08005dc4      0x19c CMakeFiles/IMU.dir/Middlewares/Third_Party/FreeRTOS/Source/portable/MemMang/heap_4.c.obj
                0x08005dc4                pvPortMalloc
 .text.vPortFree
                0x08005f60       0xc8 CMakeFiles/IMU.dir/Middlewares/Third_Party/FreeRTOS/Source/portable/MemMang/heap_4.c.obj
                0x08005f60                vPortFree
 .text.prvHeapInit
                0x08006028       0xc4 CMakeFiles/IMU.dir/Middlewares/Third_Party/FreeRTOS/Source/portable/MemMang/heap_4.c.obj
 .text.prvInsertBlockIntoFreeList
                0x080060ec       0xb4 CMakeFiles/IMU.dir/Middlewares/Third_Party/FreeRTOS/Source/portable/MemMang/heap_4.c.obj
 .text.pxPortInitialiseStack
                0x080061a0       0x68 CMakeFiles/IMU.dir/Middlewares/Third_Party/FreeRTOS/Source/portable/GCC/ARM_CM4F/port.c.obj
                0x080061a0                pxPortInitialiseStack
 .text.prvTaskExitError
                0x08006208       0x5c CMakeFiles/IMU.dir/Middlewares/Third_Party/FreeRTOS/Source/portable/GCC/ARM_CM4F/port.c.obj
 *fill*         0x08006264        0xc 
 .text.SVC_Handler
                0x08006270       0x28 CMakeFiles/IMU.dir/Middlewares/Third_Party/FreeRTOS/Source/portable/GCC/ARM_CM4F/port.c.obj
                0x08006270                SVC_Handler
 .text.prvPortStartFirstTask
                0x08006298       0x28 CMakeFiles/IMU.dir/Middlewares/Third_Party/FreeRTOS/Source/portable/GCC/ARM_CM4F/port.c.obj
 .text.xPortStartScheduler
                0x080062c0      0x148 CMakeFiles/IMU.dir/Middlewares/Third_Party/FreeRTOS/Source/portable/GCC/ARM_CM4F/port.c.obj
                0x080062c0                xPortStartScheduler
 .text.vPortEnterCritical
                0x08006408       0x64 CMakeFiles/IMU.dir/Middlewares/Third_Party/FreeRTOS/Source/portable/GCC/ARM_CM4F/port.c.obj
                0x08006408                vPortEnterCritical
 .text.vPortExitCritical
                0x0800646c       0x54 CMakeFiles/IMU.dir/Middlewares/Third_Party/FreeRTOS/Source/portable/GCC/ARM_CM4F/port.c.obj
                0x0800646c                vPortExitCritical
 .text.PendSV_Handler
                0x080064c0       0x68 CMakeFiles/IMU.dir/Middlewares/Third_Party/FreeRTOS/Source/portable/GCC/ARM_CM4F/port.c.obj
                0x080064c0                PendSV_Handler
 .text.SysTick_Handler
                0x08006528       0x44 CMakeFiles/IMU.dir/Middlewares/Third_Party/FreeRTOS/Source/portable/GCC/ARM_CM4F/port.c.obj
                0x08006528                SysTick_Handler
 .text.vPortSetupTimerInterrupt
                0x0800656c       0x48 CMakeFiles/IMU.dir/Middlewares/Third_Party/FreeRTOS/Source/portable/GCC/ARM_CM4F/port.c.obj
                0x0800656c                vPortSetupTimerInterrupt
 .text.vPortEnableVFP
                0x080065b4       0x14 CMakeFiles/IMU.dir/Middlewares/Third_Party/FreeRTOS/Source/portable/GCC/ARM_CM4F/port.c.obj
 .text.Reset_Handler
                0x080065c8       0x50 CMakeFiles/IMU.dir/startup_stm32f407xx.s.obj
                0x080065c8                Reset_Handler
 .text.Default_Handler
                0x08006618        0x2 CMakeFiles/IMU.dir/startup_stm32f407xx.s.obj
                0x08006618                RTC_Alarm_IRQHandler
                0x08006618                HASH_RNG_IRQHandler
                0x08006618                EXTI2_IRQHandler
                0x08006618                TIM8_CC_IRQHandler
                0x08006618                TIM1_CC_IRQHandler
                0x08006618                DMA2_Stream5_IRQHandler
                0x08006618                DMA1_Stream5_IRQHandler
                0x08006618                PVD_IRQHandler
                0x08006618                SDIO_IRQHandler
                0x08006618                TAMP_STAMP_IRQHandler
                0x08006618                CAN2_RX1_IRQHandler
                0x08006618                EXTI3_IRQHandler
                0x08006618                TIM8_TRG_COM_TIM14_IRQHandler
                0x08006618                TIM1_UP_TIM10_IRQHandler
                0x08006618                TIM8_UP_TIM13_IRQHandler
                0x08006618                I2C3_ER_IRQHandler
                0x08006618                EXTI0_IRQHandler
                0x08006618                I2C2_EV_IRQHandler
                0x08006618                DMA1_Stream2_IRQHandler
                0x08006618                FPU_IRQHandler
                0x08006618                OTG_HS_WKUP_IRQHandler
                0x08006618                CAN2_SCE_IRQHandler
                0x08006618                SPI1_IRQHandler
                0x08006618                TIM6_DAC_IRQHandler
                0x08006618                TIM1_BRK_TIM9_IRQHandler
                0x08006618                DCMI_IRQHandler
                0x08006618                USART6_IRQHandler
                0x08006618                USART3_IRQHandler
                0x08006618                CAN1_RX1_IRQHandler
                0x08006618                UART5_IRQHandler
                0x08006618                DMA2_Stream0_IRQHandler
                0x08006618                TIM4_IRQHandler
                0x08006618                I2C1_EV_IRQHandler
                0x08006618                DMA1_Stream6_IRQHandler
                0x08006618                UART4_IRQHandler
                0x08006618                TIM3_IRQHandler
                0x08006618                RCC_IRQHandler
                0x08006618                TIM8_BRK_TIM12_IRQHandler
                0x08006618                Default_Handler
                0x08006618                EXTI15_10_IRQHandler
                0x08006618                ADC_IRQHandler
                0x08006618                DMA1_Stream7_IRQHandler
                0x08006618                CAN2_TX_IRQHandler
                0x08006618                TIM5_IRQHandler
                0x08006618                I2C3_EV_IRQHandler
                0x08006618                RTC_WKUP_IRQHandler
                0x08006618                ETH_WKUP_IRQHandler
                0x08006618                SPI2_IRQHandler
                0x08006618                OTG_HS_EP1_IN_IRQHandler
                0x08006618                DMA1_Stream0_IRQHandler
                0x08006618                CAN1_TX_IRQHandler
                0x08006618                FSMC_IRQHandler
                0x08006618                ETH_IRQHandler
                0x08006618                OTG_HS_EP1_OUT_IRQHandler
                0x08006618                WWDG_IRQHandler
                0x08006618                OTG_FS_WKUP_IRQHandler
                0x08006618                TIM1_TRG_COM_TIM11_IRQHandler
                0x08006618                OTG_HS_IRQHandler
                0x08006618                EXTI1_IRQHandler
                0x08006618                USART2_IRQHandler
                0x08006618                I2C2_ER_IRQHandler
                0x08006618                CAN1_SCE_IRQHandler
                0x08006618                FLASH_IRQHandler
                0x08006618                DMA2_Stream4_IRQHandler
                0x08006618                USART1_IRQHandler
                0x08006618                OTG_FS_IRQHandler
                0x08006618                SPI3_IRQHandler
                0x08006618                DMA1_Stream4_IRQHandler
                0x08006618                I2C1_ER_IRQHandler
                0x08006618                DMA1_Stream3_IRQHandler
 .text.memset   0x0800661a       0x10 D:/Tools/Arm GNU Toolchain arm-none-eabi/13.3 rel1/bin/../lib/gcc/arm-none-eabi/13.3.1/thumb/v7e-m+fp/hard\libc_nano.a(libc_a-memset.o)
                0x0800661a                memset
 *fill*         0x0800662a        0x2 
 .text._reclaim_reent
                0x0800662c       0xbc D:/Tools/Arm GNU Toolchain arm-none-eabi/13.3 rel1/bin/../lib/gcc/arm-none-eabi/13.3.1/thumb/v7e-m+fp/hard\libc_nano.a(libc_a-reent.o)
                0x0800662c                _reclaim_reent
 .text.__libc_init_array
                0x080066e8       0x48 D:/Tools/Arm GNU Toolchain arm-none-eabi/13.3 rel1/bin/../lib/gcc/arm-none-eabi/13.3.1/thumb/v7e-m+fp/hard\libc_nano.a(libc_a-init.o)
                0x080066e8                __libc_init_array
 .text.__retarget_lock_acquire_recursive
                0x08006730        0x2 D:/Tools/Arm GNU Toolchain arm-none-eabi/13.3 rel1/bin/../lib/gcc/arm-none-eabi/13.3.1/thumb/v7e-m+fp/hard\libc_nano.a(libc_a-lock.o)
                0x08006730                __retarget_lock_acquire_recursive
 .text.__retarget_lock_release_recursive
                0x08006732        0x2 D:/Tools/Arm GNU Toolchain arm-none-eabi/13.3 rel1/bin/../lib/gcc/arm-none-eabi/13.3.1/thumb/v7e-m+fp/hard\libc_nano.a(libc_a-lock.o)
                0x08006732                __retarget_lock_release_recursive
 .text._free_r  0x08006734       0x94 D:/Tools/Arm GNU Toolchain arm-none-eabi/13.3 rel1/bin/../lib/gcc/arm-none-eabi/13.3.1/thumb/v7e-m+fp/hard\libc_nano.a(libc_a-freer.o)
                0x08006734                _free_r
 .text.__malloc_lock
                0x080067c8        0xc D:/Tools/Arm GNU Toolchain arm-none-eabi/13.3 rel1/bin/../lib/gcc/arm-none-eabi/13.3.1/thumb/v7e-m+fp/hard\libc_nano.a(libc_a-mlock.o)
                0x080067c8                __malloc_lock
 .text.__malloc_unlock
                0x080067d4        0xc D:/Tools/Arm GNU Toolchain arm-none-eabi/13.3 rel1/bin/../lib/gcc/arm-none-eabi/13.3.1/thumb/v7e-m+fp/hard\libc_nano.a(libc_a-mlock.o)
                0x080067d4                __malloc_unlock
 .text.__udivmoddi4
                0x080067e0      0x2bc D:/Tools/Arm GNU Toolchain arm-none-eabi/13.3 rel1/bin/../lib/gcc/arm-none-eabi/13.3.1/thumb/v7e-m+fp/hard\libgcc.a(_udivmoddi4.o)
                0x080067e0                __udivmoddi4
 *(.glue_7)
 .glue_7        0x08006a9c        0x0 linker stubs
 *(.glue_7t)
 .glue_7t       0x08006a9c        0x0 linker stubs
 *(.eh_frame)
 .eh_frame      0x08006a9c        0x0 D:/Tools/Arm GNU Toolchain arm-none-eabi/13.3 rel1/bin/../lib/gcc/arm-none-eabi/13.3.1/thumb/v7e-m+fp/hard/crtbegin.o
 *(.init)
 .init          0x08006a9c        0x4 D:/Tools/Arm GNU Toolchain arm-none-eabi/13.3 rel1/bin/../lib/gcc/arm-none-eabi/13.3.1/thumb/v7e-m+fp/hard/crti.o
                0x08006a9c                _init
 .init          0x08006aa0        0x8 D:/Tools/Arm GNU Toolchain arm-none-eabi/13.3 rel1/bin/../lib/gcc/arm-none-eabi/13.3.1/thumb/v7e-m+fp/hard/crtn.o
 *(.fini)
 .fini          0x08006aa8        0x4 D:/Tools/Arm GNU Toolchain arm-none-eabi/13.3 rel1/bin/../lib/gcc/arm-none-eabi/13.3.1/thumb/v7e-m+fp/hard/crti.o
                0x08006aa8                _fini
 .fini          0x08006aac        0x8 D:/Tools/Arm GNU Toolchain arm-none-eabi/13.3 rel1/bin/../lib/gcc/arm-none-eabi/13.3.1/thumb/v7e-m+fp/hard/crtn.o
                0x08006ab4                        . = ALIGN (0x4)
                0x08006ab4                        _etext = .

.vfp11_veneer   0x08006ab4        0x0
 .vfp11_veneer  0x08006ab4        0x0 linker stubs

.v4_bx          0x08006ab4        0x0
 .v4_bx         0x08006ab4        0x0 linker stubs

.iplt           0x08006ab4        0x0
 .iplt          0x08006ab4        0x0 D:/Tools/Arm GNU Toolchain arm-none-eabi/13.3 rel1/bin/../lib/gcc/arm-none-eabi/13.3.1/thumb/v7e-m+fp/hard/crtbegin.o

.rodata         0x08006ab4       0x50
                0x08006ab4                        . = ALIGN (0x4)
 *(.rodata)
 .rodata        0x08006ab4       0x28 CMakeFiles/IMU.dir/Core/Src/freertos.c.obj
 .rodata        0x08006adc        0x5 CMakeFiles/IMU.dir/Middlewares/Third_Party/FreeRTOS/Source/tasks.c.obj
 *(.rodata*)
 *fill*         0x08006ae1        0x3 
 .rodata.flagBitshiftOffset.0
                0x08006ae4        0x8 CMakeFiles/IMU.dir/Drivers/STM32F4xx_HAL_Driver/Src/stm32f4xx_hal_dma.c.obj
 .rodata.AHBPrescTable
                0x08006aec       0x10 CMakeFiles/IMU.dir/Core/Src/system_stm32f4xx.c.obj
                0x08006aec                AHBPrescTable
 .rodata.APBPrescTable
                0x08006afc        0x8 CMakeFiles/IMU.dir/Core/Src/system_stm32f4xx.c.obj
                0x08006afc                APBPrescTable
                0x08006b04                        . = ALIGN (0x4)

.ARM.extab
 *(.ARM.extab* .gnu.linkonce.armextab.*)

.ARM            0x08006b04        0x8
                0x08006b04                        __exidx_start = .
 *(.ARM.exidx*)
 .ARM.exidx.text.__udivmoddi4
                0x08006b04        0x8 D:/Tools/Arm GNU Toolchain arm-none-eabi/13.3 rel1/bin/../lib/gcc/arm-none-eabi/13.3.1/thumb/v7e-m+fp/hard\libgcc.a(_udivmoddi4.o)
                0x08006b0c                        __exidx_end = .

.rel.dyn        0x08006b0c        0x0
 .rel.iplt      0x08006b0c        0x0 D:/Tools/Arm GNU Toolchain arm-none-eabi/13.3 rel1/bin/../lib/gcc/arm-none-eabi/13.3.1/thumb/v7e-m+fp/hard/crtbegin.o

.preinit_array  0x08006b0c        0x0
                0x08006b0c                        PROVIDE (__preinit_array_start = .)
 *(.preinit_array*)
                0x08006b0c                        PROVIDE (__preinit_array_end = .)

.init_array     0x08006b0c        0x4
                0x08006b0c                        PROVIDE (__init_array_start = .)
 *(SORT_BY_NAME(.init_array.*))
 *(.init_array*)
 .init_array    0x08006b0c        0x4 D:/Tools/Arm GNU Toolchain arm-none-eabi/13.3 rel1/bin/../lib/gcc/arm-none-eabi/13.3.1/thumb/v7e-m+fp/hard/crtbegin.o
                0x08006b10                        PROVIDE (__init_array_end = .)

.fini_array     0x08006b10        0x4
                [!provide]                        PROVIDE (__fini_array_start = .)
 *(SORT_BY_NAME(.fini_array.*))
 *(.fini_array*)
 .fini_array    0x08006b10        0x4 D:/Tools/Arm GNU Toolchain arm-none-eabi/13.3 rel1/bin/../lib/gcc/arm-none-eabi/13.3.1/thumb/v7e-m+fp/hard/crtbegin.o
                [!provide]                        PROVIDE (__fini_array_end = .)
                0x08006b14                        _sidata = LOADADDR (.data)

.data           0x20000000       0x60 load address 0x08006b14
                0x20000000                        . = ALIGN (0x4)
                0x20000000                        _sdata = .
 *(.data)
 *(.data*)
 .data.uwTickPrio
                0x20000000        0x4 CMakeFiles/IMU.dir/Drivers/STM32F4xx_HAL_Driver/Src/stm32f4xx_hal.c.obj
                0x20000000                uwTickPrio
 .data.uwTickFreq
                0x20000004        0x1 CMakeFiles/IMU.dir/Drivers/STM32F4xx_HAL_Driver/Src/stm32f4xx_hal.c.obj
                0x20000004                uwTickFreq
 *fill*         0x20000005        0x3 
 .data.SystemCoreClock
                0x20000008        0x4 CMakeFiles/IMU.dir/Core/Src/system_stm32f4xx.c.obj
                0x20000008                SystemCoreClock
 .data.uxCriticalNesting
                0x2000000c        0x4 CMakeFiles/IMU.dir/Middlewares/Third_Party/FreeRTOS/Source/portable/GCC/ARM_CM4F/port.c.obj
 .data._impure_ptr
                0x20000010        0x4 D:/Tools/Arm GNU Toolchain arm-none-eabi/13.3 rel1/bin/../lib/gcc/arm-none-eabi/13.3.1/thumb/v7e-m+fp/hard\libc_nano.a(libc_a-impure.o)
                0x20000010                _impure_ptr
 .data._impure_data
                0x20000014       0x4c D:/Tools/Arm GNU Toolchain arm-none-eabi/13.3 rel1/bin/../lib/gcc/arm-none-eabi/13.3.1/thumb/v7e-m+fp/hard\libc_nano.a(libc_a-impure.o)
                0x20000014                _impure_data
                0x20000060                        . = ALIGN (0x4)
                0x20000060                        _edata = .
                0x08006b74                        _siccmram = LOADADDR (.ccmram)

.tm_clone_table
                0x20000060        0x0 load address 0x08006b74
 .tm_clone_table
                0x20000060        0x0 D:/Tools/Arm GNU Toolchain arm-none-eabi/13.3 rel1/bin/../lib/gcc/arm-none-eabi/13.3.1/thumb/v7e-m+fp/hard/crtbegin.o
 .tm_clone_table
                0x20000060        0x0 D:/Tools/Arm GNU Toolchain arm-none-eabi/13.3 rel1/bin/../lib/gcc/arm-none-eabi/13.3.1/thumb/v7e-m+fp/hard/crtend.o

.igot.plt       0x20000060        0x0 load address 0x08006b74
 .igot.plt      0x20000060        0x0 D:/Tools/Arm GNU Toolchain arm-none-eabi/13.3 rel1/bin/../lib/gcc/arm-none-eabi/13.3.1/thumb/v7e-m+fp/hard/crtbegin.o

.ccmram         0x10000000        0x0 load address 0x08006b74
                0x10000000                        . = ALIGN (0x4)
                0x10000000                        _sccmram = .
 *(.ccmram)
 *(.ccmram*)
                0x10000000                        . = ALIGN (0x4)
                0x10000000                        _eccmram = .
                0x10000000                        . = ALIGN (0x4)

.bss            0x20000060     0x4a2c
                0x20000060                        _sbss = .
                0x20000060                        __bss_start__ = _sbss
 *(.bss)
 *(.bss*)
 .bss.completed.1
                0x20000060        0x1 D:/Tools/Arm GNU Toolchain arm-none-eabi/13.3 rel1/bin/../lib/gcc/arm-none-eabi/13.3.1/thumb/v7e-m+fp/hard/crtbegin.o
 *fill*         0x20000061        0x3 
 .bss.object.0  0x20000064       0x18 D:/Tools/Arm GNU Toolchain arm-none-eabi/13.3 rel1/bin/../lib/gcc/arm-none-eabi/13.3.1/thumb/v7e-m+fp/hard/crtbegin.o
 .bss.defaultTaskHandle
                0x2000007c        0x4 CMakeFiles/IMU.dir/Core/Src/freertos.c.obj
                0x2000007c                defaultTaskHandle
 .bss.xIdleTaskTCBBuffer
                0x20000080      0x198 CMakeFiles/IMU.dir/Core/Src/freertos.c.obj
 .bss.xIdleStack
                0x20000218      0x200 CMakeFiles/IMU.dir/Core/Src/freertos.c.obj
 .bss.hcan1     0x20000418       0x64 CMakeFiles/IMU.dir/Core/Src/can.c.obj
                0x20000418                hcan1
 .bss.hcan2     0x2000047c       0x64 CMakeFiles/IMU.dir/Core/Src/can.c.obj
                0x2000047c                hcan2
 .bss.HAL_RCC_CAN1_CLK_ENABLED
                0x200004e0        0x4 CMakeFiles/IMU.dir/Core/Src/can.c.obj
 .bss.hspi1     0x200004e4       0x80 CMakeFiles/IMU.dir/Core/Src/spi.c.obj
                0x200004e4                hspi1
 .bss.hdma_spi1_rx
                0x20000564       0x60 CMakeFiles/IMU.dir/Core/Src/spi.c.obj
                0x20000564                hdma_spi1_rx
 .bss.hdma_spi1_tx
                0x200005c4       0x60 CMakeFiles/IMU.dir/Core/Src/spi.c.obj
                0x200005c4                hdma_spi1_tx
 .bss.htim1     0x20000624       0x48 CMakeFiles/IMU.dir/Core/Src/tim.c.obj
                0x20000624                htim1
 .bss.htim2     0x2000066c       0x48 CMakeFiles/IMU.dir/Core/Src/tim.c.obj
                0x2000066c                htim2
 .bss.htim3     0x200006b4       0x48 CMakeFiles/IMU.dir/Core/Src/tim.c.obj
                0x200006b4                htim3
 .bss.htim4     0x200006fc       0x48 CMakeFiles/IMU.dir/Core/Src/tim.c.obj
                0x200006fc                htim4
 .bss.htim5     0x20000744       0x48 CMakeFiles/IMU.dir/Core/Src/tim.c.obj
                0x20000744                htim5
 .bss.htim6     0x2000078c       0x48 CMakeFiles/IMU.dir/Core/Src/tim.c.obj
                0x2000078c                htim6
 .bss.htim8     0x200007d4       0x48 CMakeFiles/IMU.dir/Core/Src/tim.c.obj
                0x200007d4                htim8
 .bss.htim10    0x2000081c       0x48 CMakeFiles/IMU.dir/Core/Src/tim.c.obj
                0x2000081c                htim10
 .bss.huart1    0x20000864       0x78 CMakeFiles/IMU.dir/Core/Src/usart.c.obj
                0x20000864                huart1
 .bss.huart3    0x200008dc       0x78 CMakeFiles/IMU.dir/Core/Src/usart.c.obj
                0x200008dc                huart3
 .bss.huart6    0x20000954       0x78 CMakeFiles/IMU.dir/Core/Src/usart.c.obj
                0x20000954                huart6
 .bss.hdma_usart1_tx
                0x200009cc       0x60 CMakeFiles/IMU.dir/Core/Src/usart.c.obj
                0x200009cc                hdma_usart1_tx
 .bss.hdma_usart1_rx
                0x20000a2c       0x60 CMakeFiles/IMU.dir/Core/Src/usart.c.obj
                0x20000a2c                hdma_usart1_rx
 .bss.hdma_usart3_rx
                0x20000a8c       0x60 CMakeFiles/IMU.dir/Core/Src/usart.c.obj
                0x20000a8c                hdma_usart3_rx
 .bss.hdma_usart6_rx
                0x20000aec       0x60 CMakeFiles/IMU.dir/Core/Src/usart.c.obj
                0x20000aec                hdma_usart6_rx
 .bss.hdma_usart6_tx
                0x20000b4c       0x60 CMakeFiles/IMU.dir/Core/Src/usart.c.obj
                0x20000b4c                hdma_usart6_tx
 .bss.htim7     0x20000bac       0x48 CMakeFiles/IMU.dir/Core/Src/stm32f4xx_hal_timebase_tim.c.obj
                0x20000bac                htim7
 .bss.uwTick    0x20000bf4        0x4 CMakeFiles/IMU.dir/Drivers/STM32F4xx_HAL_Driver/Src/stm32f4xx_hal.c.obj
                0x20000bf4                uwTick
 .bss.pxCurrentTCB
                0x20000bf8        0x4 CMakeFiles/IMU.dir/Middlewares/Third_Party/FreeRTOS/Source/tasks.c.obj
                0x20000bf8                pxCurrentTCB
 .bss.pxReadyTasksLists
                0x20000bfc       0x8c CMakeFiles/IMU.dir/Middlewares/Third_Party/FreeRTOS/Source/tasks.c.obj
 .bss.xDelayedTaskList1
                0x20000c88       0x14 CMakeFiles/IMU.dir/Middlewares/Third_Party/FreeRTOS/Source/tasks.c.obj
 .bss.xDelayedTaskList2
                0x20000c9c       0x14 CMakeFiles/IMU.dir/Middlewares/Third_Party/FreeRTOS/Source/tasks.c.obj
 .bss.pxDelayedTaskList
                0x20000cb0        0x4 CMakeFiles/IMU.dir/Middlewares/Third_Party/FreeRTOS/Source/tasks.c.obj
 .bss.pxOverflowDelayedTaskList
                0x20000cb4        0x4 CMakeFiles/IMU.dir/Middlewares/Third_Party/FreeRTOS/Source/tasks.c.obj
 .bss.xPendingReadyList
                0x20000cb8       0x14 CMakeFiles/IMU.dir/Middlewares/Third_Party/FreeRTOS/Source/tasks.c.obj
 .bss.xTasksWaitingTermination
                0x20000ccc       0x14 CMakeFiles/IMU.dir/Middlewares/Third_Party/FreeRTOS/Source/tasks.c.obj
 .bss.uxDeletedTasksWaitingCleanUp
                0x20000ce0        0x4 CMakeFiles/IMU.dir/Middlewares/Third_Party/FreeRTOS/Source/tasks.c.obj
 .bss.xSuspendedTaskList
                0x20000ce4       0x14 CMakeFiles/IMU.dir/Middlewares/Third_Party/FreeRTOS/Source/tasks.c.obj
 .bss.uxCurrentNumberOfTasks
                0x20000cf8        0x4 CMakeFiles/IMU.dir/Middlewares/Third_Party/FreeRTOS/Source/tasks.c.obj
 .bss.xTickCount
                0x20000cfc        0x4 CMakeFiles/IMU.dir/Middlewares/Third_Party/FreeRTOS/Source/tasks.c.obj
 .bss.uxTopReadyPriority
                0x20000d00        0x4 CMakeFiles/IMU.dir/Middlewares/Third_Party/FreeRTOS/Source/tasks.c.obj
 .bss.xSchedulerRunning
                0x20000d04        0x4 CMakeFiles/IMU.dir/Middlewares/Third_Party/FreeRTOS/Source/tasks.c.obj
 .bss.xPendedTicks
                0x20000d08        0x4 CMakeFiles/IMU.dir/Middlewares/Third_Party/FreeRTOS/Source/tasks.c.obj
 .bss.xYieldPending
                0x20000d0c        0x4 CMakeFiles/IMU.dir/Middlewares/Third_Party/FreeRTOS/Source/tasks.c.obj
 .bss.xNumOfOverflows
                0x20000d10        0x4 CMakeFiles/IMU.dir/Middlewares/Third_Party/FreeRTOS/Source/tasks.c.obj
 .bss.uxTaskNumber
                0x20000d14        0x4 CMakeFiles/IMU.dir/Middlewares/Third_Party/FreeRTOS/Source/tasks.c.obj
 .bss.xNextTaskUnblockTime
                0x20000d18        0x4 CMakeFiles/IMU.dir/Middlewares/Third_Party/FreeRTOS/Source/tasks.c.obj
 .bss.xIdleTaskHandle
                0x20000d1c        0x4 CMakeFiles/IMU.dir/Middlewares/Third_Party/FreeRTOS/Source/tasks.c.obj
 .bss.uxSchedulerSuspended
                0x20000d20        0x4 CMakeFiles/IMU.dir/Middlewares/Third_Party/FreeRTOS/Source/tasks.c.obj
 .bss.ucHeap    0x20000d24     0x3c00 CMakeFiles/IMU.dir/Middlewares/Third_Party/FreeRTOS/Source/portable/MemMang/heap_4.c.obj
 .bss.xStart    0x20004924        0x8 CMakeFiles/IMU.dir/Middlewares/Third_Party/FreeRTOS/Source/portable/MemMang/heap_4.c.obj
 .bss.pxEnd     0x2000492c        0x4 CMakeFiles/IMU.dir/Middlewares/Third_Party/FreeRTOS/Source/portable/MemMang/heap_4.c.obj
 .bss.xFreeBytesRemaining
                0x20004930        0x4 CMakeFiles/IMU.dir/Middlewares/Third_Party/FreeRTOS/Source/portable/MemMang/heap_4.c.obj
 .bss.xMinimumEverFreeBytesRemaining
                0x20004934        0x4 CMakeFiles/IMU.dir/Middlewares/Third_Party/FreeRTOS/Source/portable/MemMang/heap_4.c.obj
 .bss.xNumberOfSuccessfulAllocations
                0x20004938        0x4 CMakeFiles/IMU.dir/Middlewares/Third_Party/FreeRTOS/Source/portable/MemMang/heap_4.c.obj
 .bss.xNumberOfSuccessfulFrees
                0x2000493c        0x4 CMakeFiles/IMU.dir/Middlewares/Third_Party/FreeRTOS/Source/portable/MemMang/heap_4.c.obj
 .bss.xBlockAllocatedBit
                0x20004940        0x4 CMakeFiles/IMU.dir/Middlewares/Third_Party/FreeRTOS/Source/portable/MemMang/heap_4.c.obj
 .bss.ucMaxSysCallPriority
                0x20004944        0x1 CMakeFiles/IMU.dir/Middlewares/Third_Party/FreeRTOS/Source/portable/GCC/ARM_CM4F/port.c.obj
 *fill*         0x20004945        0x3 
 .bss.ulMaxPRIGROUPValue
                0x20004948        0x4 CMakeFiles/IMU.dir/Middlewares/Third_Party/FreeRTOS/Source/portable/GCC/ARM_CM4F/port.c.obj
 .bss.__sf      0x2000494c      0x138 D:/Tools/Arm GNU Toolchain arm-none-eabi/13.3 rel1/bin/../lib/gcc/arm-none-eabi/13.3.1/thumb/v7e-m+fp/hard\libc_nano.a(libc_a-findfp.o)
                0x2000494c                __sf
 .bss.__lock___malloc_recursive_mutex
                0x20004a84        0x1 D:/Tools/Arm GNU Toolchain arm-none-eabi/13.3 rel1/bin/../lib/gcc/arm-none-eabi/13.3.1/thumb/v7e-m+fp/hard\libc_nano.a(libc_a-lock.o)
                0x20004a84                __lock___malloc_recursive_mutex
 *fill*         0x20004a85        0x3 
 .bss.__malloc_free_list
                0x20004a88        0x4 D:/Tools/Arm GNU Toolchain arm-none-eabi/13.3 rel1/bin/../lib/gcc/arm-none-eabi/13.3.1/thumb/v7e-m+fp/hard\libc_nano.a(libc_a-mallocr.o)
                0x20004a88                __malloc_free_list
 *(COMMON)
                0x20004a8c                        . = ALIGN (0x4)
                0x20004a8c                        _ebss = .
                0x20004a8c                        __bss_end__ = _ebss

._user_heap_stack
                0x20004a8c     0x4004
                0x20004a90                        . = ALIGN (0x8)
 *fill*         0x20004a8c        0x4 
                [!provide]                        PROVIDE (end = .)
                0x20004a90                        PROVIDE (_end = .)
                0x20006a90                        . = (. + _Min_Heap_Size)
 *fill*         0x20004a90     0x2000 
                0x20008a90                        . = (. + _Min_Stack_Size)
 *fill*         0x20006a90     0x2000 
                0x20008a90                        . = ALIGN (0x8)

/DISCARD/
 libc.a(*)
 libm.a(*)
 libgcc.a(*)

.ARM.attributes
                0x00000000       0x30
 *(.ARM.attributes)
 .ARM.attributes
                0x00000000       0x22 D:/Tools/Arm GNU Toolchain arm-none-eabi/13.3 rel1/bin/../lib/gcc/arm-none-eabi/13.3.1/thumb/v7e-m+fp/hard/crti.o
 .ARM.attributes
                0x00000022       0x34 D:/Tools/Arm GNU Toolchain arm-none-eabi/13.3 rel1/bin/../lib/gcc/arm-none-eabi/13.3.1/thumb/v7e-m+fp/hard/crtbegin.o
 .ARM.attributes
                0x00000056       0x34 CMakeFiles/IMU.dir/Core/Src/main.c.obj
 .ARM.attributes
                0x0000008a       0x34 CMakeFiles/IMU.dir/Core/Src/gpio.c.obj
 .ARM.attributes
                0x000000be       0x34 CMakeFiles/IMU.dir/Core/Src/freertos.c.obj
 .ARM.attributes
                0x000000f2       0x34 CMakeFiles/IMU.dir/Core/Src/can.c.obj
 .ARM.attributes
                0x00000126       0x34 CMakeFiles/IMU.dir/Core/Src/dma.c.obj
 .ARM.attributes
                0x0000015a       0x34 CMakeFiles/IMU.dir/Core/Src/spi.c.obj
 .ARM.attributes
                0x0000018e       0x34 CMakeFiles/IMU.dir/Core/Src/tim.c.obj
 .ARM.attributes
                0x000001c2       0x34 CMakeFiles/IMU.dir/Core/Src/usart.c.obj
 .ARM.attributes
                0x000001f6       0x34 CMakeFiles/IMU.dir/Core/Src/stm32f4xx_it.c.obj
 .ARM.attributes
                0x0000022a       0x34 CMakeFiles/IMU.dir/Core/Src/stm32f4xx_hal_msp.c.obj
 .ARM.attributes
                0x0000025e       0x34 CMakeFiles/IMU.dir/Core/Src/stm32f4xx_hal_timebase_tim.c.obj
 .ARM.attributes
                0x00000292       0x34 CMakeFiles/IMU.dir/Drivers/STM32F4xx_HAL_Driver/Src/stm32f4xx_hal_can.c.obj
 .ARM.attributes
                0x000002c6       0x34 CMakeFiles/IMU.dir/Drivers/STM32F4xx_HAL_Driver/Src/stm32f4xx_hal_rcc.c.obj
 .ARM.attributes
                0x000002fa       0x34 CMakeFiles/IMU.dir/Drivers/STM32F4xx_HAL_Driver/Src/stm32f4xx_hal_gpio.c.obj
 .ARM.attributes
                0x0000032e       0x34 CMakeFiles/IMU.dir/Drivers/STM32F4xx_HAL_Driver/Src/stm32f4xx_hal_dma.c.obj
 .ARM.attributes
                0x00000362       0x34 CMakeFiles/IMU.dir/Drivers/STM32F4xx_HAL_Driver/Src/stm32f4xx_hal_cortex.c.obj
 .ARM.attributes
                0x00000396       0x34 CMakeFiles/IMU.dir/Drivers/STM32F4xx_HAL_Driver/Src/stm32f4xx_hal.c.obj
 .ARM.attributes
                0x000003ca       0x34 CMakeFiles/IMU.dir/Drivers/STM32F4xx_HAL_Driver/Src/stm32f4xx_hal_spi.c.obj
 .ARM.attributes
                0x000003fe       0x34 CMakeFiles/IMU.dir/Drivers/STM32F4xx_HAL_Driver/Src/stm32f4xx_hal_tim.c.obj
 .ARM.attributes
                0x00000432       0x34 CMakeFiles/IMU.dir/Drivers/STM32F4xx_HAL_Driver/Src/stm32f4xx_hal_tim_ex.c.obj
 .ARM.attributes
                0x00000466       0x34 CMakeFiles/IMU.dir/Drivers/STM32F4xx_HAL_Driver/Src/stm32f4xx_hal_uart.c.obj
 .ARM.attributes
                0x0000049a       0x34 CMakeFiles/IMU.dir/Core/Src/system_stm32f4xx.c.obj
 .ARM.attributes
                0x000004ce       0x34 CMakeFiles/IMU.dir/Middlewares/Third_Party/FreeRTOS/Source/list.c.obj
 .ARM.attributes
                0x00000502       0x34 CMakeFiles/IMU.dir/Middlewares/Third_Party/FreeRTOS/Source/tasks.c.obj
 .ARM.attributes
                0x00000536       0x34 CMakeFiles/IMU.dir/Middlewares/Third_Party/FreeRTOS/Source/CMSIS_RTOS/cmsis_os.c.obj
 .ARM.attributes
                0x0000056a       0x34 CMakeFiles/IMU.dir/Middlewares/Third_Party/FreeRTOS/Source/portable/MemMang/heap_4.c.obj
 .ARM.attributes
                0x0000059e       0x34 CMakeFiles/IMU.dir/Middlewares/Third_Party/FreeRTOS/Source/portable/GCC/ARM_CM4F/port.c.obj
 .ARM.attributes
                0x000005d2       0x21 CMakeFiles/IMU.dir/startup_stm32f407xx.s.obj
 .ARM.attributes
                0x000005f3       0x34 D:/Tools/Arm GNU Toolchain arm-none-eabi/13.3 rel1/bin/../lib/gcc/arm-none-eabi/13.3.1/thumb/v7e-m+fp/hard\libc_nano.a(libc_a-findfp.o)
 .ARM.attributes
                0x00000627       0x34 D:/Tools/Arm GNU Toolchain arm-none-eabi/13.3 rel1/bin/../lib/gcc/arm-none-eabi/13.3.1/thumb/v7e-m+fp/hard\libc_nano.a(libc_a-memset.o)
 .ARM.attributes
                0x0000065b       0x34 D:/Tools/Arm GNU Toolchain arm-none-eabi/13.3 rel1/bin/../lib/gcc/arm-none-eabi/13.3.1/thumb/v7e-m+fp/hard\libc_nano.a(libc_a-reent.o)
 .ARM.attributes
                0x0000068f       0x34 D:/Tools/Arm GNU Toolchain arm-none-eabi/13.3 rel1/bin/../lib/gcc/arm-none-eabi/13.3.1/thumb/v7e-m+fp/hard\libc_nano.a(libc_a-impure.o)
 .ARM.attributes
                0x000006c3       0x34 D:/Tools/Arm GNU Toolchain arm-none-eabi/13.3 rel1/bin/../lib/gcc/arm-none-eabi/13.3.1/thumb/v7e-m+fp/hard\libc_nano.a(libc_a-init.o)
 .ARM.attributes
                0x000006f7       0x34 D:/Tools/Arm GNU Toolchain arm-none-eabi/13.3 rel1/bin/../lib/gcc/arm-none-eabi/13.3.1/thumb/v7e-m+fp/hard\libc_nano.a(libc_a-lock.o)
 .ARM.attributes
                0x0000072b       0x34 D:/Tools/Arm GNU Toolchain arm-none-eabi/13.3 rel1/bin/../lib/gcc/arm-none-eabi/13.3.1/thumb/v7e-m+fp/hard\libc_nano.a(libc_a-freer.o)
 .ARM.attributes
                0x0000075f       0x34 D:/Tools/Arm GNU Toolchain arm-none-eabi/13.3 rel1/bin/../lib/gcc/arm-none-eabi/13.3.1/thumb/v7e-m+fp/hard\libc_nano.a(libc_a-mallocr.o)
 .ARM.attributes
                0x00000793       0x34 D:/Tools/Arm GNU Toolchain arm-none-eabi/13.3 rel1/bin/../lib/gcc/arm-none-eabi/13.3.1/thumb/v7e-m+fp/hard\libc_nano.a(libc_a-mlock.o)
 .ARM.attributes
                0x000007c7       0x22 D:/Tools/Arm GNU Toolchain arm-none-eabi/13.3 rel1/bin/../lib/gcc/arm-none-eabi/13.3.1/thumb/v7e-m+fp/hard\libgcc.a(_aeabi_uldivmod.o)
 .ARM.attributes
                0x000007e9       0x34 D:/Tools/Arm GNU Toolchain arm-none-eabi/13.3 rel1/bin/../lib/gcc/arm-none-eabi/13.3.1/thumb/v7e-m+fp/hard\libgcc.a(_udivmoddi4.o)
 .ARM.attributes
                0x0000081d       0x22 D:/Tools/Arm GNU Toolchain arm-none-eabi/13.3 rel1/bin/../lib/gcc/arm-none-eabi/13.3.1/thumb/v7e-m+fp/hard\libgcc.a(_dvmd_tls.o)
 .ARM.attributes
                0x0000083f       0x34 D:/Tools/Arm GNU Toolchain arm-none-eabi/13.3 rel1/bin/../lib/gcc/arm-none-eabi/13.3.1/thumb/v7e-m+fp/hard/crtend.o
 .ARM.attributes
                0x00000873       0x22 D:/Tools/Arm GNU Toolchain arm-none-eabi/13.3 rel1/bin/../lib/gcc/arm-none-eabi/13.3.1/thumb/v7e-m+fp/hard/crtn.o
OUTPUT(IMU.elf elf32-littlearm)
LOAD linker stubs
LOAD D:/Tools/Arm GNU Toolchain arm-none-eabi/13.3 rel1/bin/../lib/gcc/arm-none-eabi/13.3.1/thumb/v7e-m+fp/hard\libc.a
LOAD D:/Tools/Arm GNU Toolchain arm-none-eabi/13.3 rel1/bin/../lib/gcc/arm-none-eabi/13.3.1/thumb/v7e-m+fp/hard\libm.a
LOAD D:/Tools/Arm GNU Toolchain arm-none-eabi/13.3 rel1/bin/../lib/gcc/arm-none-eabi/13.3.1/thumb/v7e-m+fp/hard\libgcc.a

.debug_info     0x00000000    0x19558
 .debug_info    0x00000000      0xba2 CMakeFiles/IMU.dir/Core/Src/main.c.obj
 .debug_info    0x00000ba2      0x6ee CMakeFiles/IMU.dir/Core/Src/gpio.c.obj
 .debug_info    0x00001290      0xb79 CMakeFiles/IMU.dir/Core/Src/freertos.c.obj
 .debug_info    0x00001e09      0xc1d CMakeFiles/IMU.dir/Core/Src/can.c.obj
 .debug_info    0x00002a26      0x4c6 CMakeFiles/IMU.dir/Core/Src/dma.c.obj
 .debug_info    0x00002eec      0xa36 CMakeFiles/IMU.dir/Core/Src/spi.c.obj
 .debug_info    0x00003922     0x1230 CMakeFiles/IMU.dir/Core/Src/tim.c.obj
 .debug_info    0x00004b52      0xda8 CMakeFiles/IMU.dir/Core/Src/usart.c.obj
 .debug_info    0x000058fa      0xc9d CMakeFiles/IMU.dir/Core/Src/stm32f4xx_it.c.obj
 .debug_info    0x00006597      0x4b7 CMakeFiles/IMU.dir/Core/Src/stm32f4xx_hal_msp.c.obj
 .debug_info    0x00006a4e      0xbee CMakeFiles/IMU.dir/Core/Src/stm32f4xx_hal_timebase_tim.c.obj
 .debug_info    0x0000763c     0x1146 CMakeFiles/IMU.dir/Drivers/STM32F4xx_HAL_Driver/Src/stm32f4xx_hal_can.c.obj
 .debug_info    0x00008782      0x8af CMakeFiles/IMU.dir/Drivers/STM32F4xx_HAL_Driver/Src/stm32f4xx_hal_rcc.c.obj
 .debug_info    0x00009031      0x6c3 CMakeFiles/IMU.dir/Drivers/STM32F4xx_HAL_Driver/Src/stm32f4xx_hal_gpio.c.obj
 .debug_info    0x000096f4      0x8e7 CMakeFiles/IMU.dir/Drivers/STM32F4xx_HAL_Driver/Src/stm32f4xx_hal_dma.c.obj
 .debug_info    0x00009fdb      0xd8c CMakeFiles/IMU.dir/Drivers/STM32F4xx_HAL_Driver/Src/stm32f4xx_hal_cortex.c.obj
 .debug_info    0x0000ad67      0x944 CMakeFiles/IMU.dir/Drivers/STM32F4xx_HAL_Driver/Src/stm32f4xx_hal.c.obj
 .debug_info    0x0000b6ab     0x16b6 CMakeFiles/IMU.dir/Drivers/STM32F4xx_HAL_Driver/Src/stm32f4xx_hal_spi.c.obj
 .debug_info    0x0000cd61     0x299d CMakeFiles/IMU.dir/Drivers/STM32F4xx_HAL_Driver/Src/stm32f4xx_hal_tim.c.obj
 .debug_info    0x0000f6fe     0x14db CMakeFiles/IMU.dir/Drivers/STM32F4xx_HAL_Driver/Src/stm32f4xx_hal_tim_ex.c.obj
 .debug_info    0x00010bd9     0x31e8 CMakeFiles/IMU.dir/Drivers/STM32F4xx_HAL_Driver/Src/stm32f4xx_hal_uart.c.obj
 .debug_info    0x00013dc1      0x512 CMakeFiles/IMU.dir/Core/Src/system_stm32f4xx.c.obj
 .debug_info    0x000142d3      0x2af CMakeFiles/IMU.dir/Middlewares/Third_Party/FreeRTOS/Source/list.c.obj
 .debug_info    0x00014582     0x23d7 CMakeFiles/IMU.dir/Middlewares/Third_Party/FreeRTOS/Source/tasks.c.obj
 .debug_info    0x00016959     0x221c CMakeFiles/IMU.dir/Middlewares/Third_Party/FreeRTOS/Source/CMSIS_RTOS/cmsis_os.c.obj
 .debug_info    0x00018b75      0x4d5 CMakeFiles/IMU.dir/Middlewares/Third_Party/FreeRTOS/Source/portable/MemMang/heap_4.c.obj
 .debug_info    0x0001904a      0x4de CMakeFiles/IMU.dir/Middlewares/Third_Party/FreeRTOS/Source/portable/GCC/ARM_CM4F/port.c.obj
 .debug_info    0x00019528       0x30 CMakeFiles/IMU.dir/startup_stm32f407xx.s.obj

.debug_abbrev   0x00000000     0x3d2d
 .debug_abbrev  0x00000000      0x23c CMakeFiles/IMU.dir/Core/Src/main.c.obj
 .debug_abbrev  0x0000023c      0x174 CMakeFiles/IMU.dir/Core/Src/gpio.c.obj
 .debug_abbrev  0x000003b0      0x229 CMakeFiles/IMU.dir/Core/Src/freertos.c.obj
 .debug_abbrev  0x000005d9      0x23f CMakeFiles/IMU.dir/Core/Src/can.c.obj
 .debug_abbrev  0x00000818      0x11b CMakeFiles/IMU.dir/Core/Src/dma.c.obj
 .debug_abbrev  0x00000933      0x210 CMakeFiles/IMU.dir/Core/Src/spi.c.obj
 .debug_abbrev  0x00000b43      0x25b CMakeFiles/IMU.dir/Core/Src/tim.c.obj
 .debug_abbrev  0x00000d9e      0x25d CMakeFiles/IMU.dir/Core/Src/usart.c.obj
 .debug_abbrev  0x00000ffb      0x1f6 CMakeFiles/IMU.dir/Core/Src/stm32f4xx_it.c.obj
 .debug_abbrev  0x000011f1      0x119 CMakeFiles/IMU.dir/Core/Src/stm32f4xx_hal_msp.c.obj
 .debug_abbrev  0x0000130a      0x1f4 CMakeFiles/IMU.dir/Core/Src/stm32f4xx_hal_timebase_tim.c.obj
 .debug_abbrev  0x000014fe      0x27a CMakeFiles/IMU.dir/Drivers/STM32F4xx_HAL_Driver/Src/stm32f4xx_hal_can.c.obj
 .debug_abbrev  0x00001778      0x2b7 CMakeFiles/IMU.dir/Drivers/STM32F4xx_HAL_Driver/Src/stm32f4xx_hal_rcc.c.obj
 .debug_abbrev  0x00001a2f      0x1d4 CMakeFiles/IMU.dir/Drivers/STM32F4xx_HAL_Driver/Src/stm32f4xx_hal_gpio.c.obj
 .debug_abbrev  0x00001c03      0x264 CMakeFiles/IMU.dir/Drivers/STM32F4xx_HAL_Driver/Src/stm32f4xx_hal_dma.c.obj
 .debug_abbrev  0x00001e67      0x31d CMakeFiles/IMU.dir/Drivers/STM32F4xx_HAL_Driver/Src/stm32f4xx_hal_cortex.c.obj
 .debug_abbrev  0x00002184      0x214 CMakeFiles/IMU.dir/Drivers/STM32F4xx_HAL_Driver/Src/stm32f4xx_hal.c.obj
 .debug_abbrev  0x00002398      0x27a CMakeFiles/IMU.dir/Drivers/STM32F4xx_HAL_Driver/Src/stm32f4xx_hal_spi.c.obj
 .debug_abbrev  0x00002612      0x278 CMakeFiles/IMU.dir/Drivers/STM32F4xx_HAL_Driver/Src/stm32f4xx_hal_tim.c.obj
 .debug_abbrev  0x0000288a      0x283 CMakeFiles/IMU.dir/Drivers/STM32F4xx_HAL_Driver/Src/stm32f4xx_hal_tim_ex.c.obj
 .debug_abbrev  0x00002b0d      0x30d CMakeFiles/IMU.dir/Drivers/STM32F4xx_HAL_Driver/Src/stm32f4xx_hal_uart.c.obj
 .debug_abbrev  0x00002e1a      0x11a CMakeFiles/IMU.dir/Core/Src/system_stm32f4xx.c.obj
 .debug_abbrev  0x00002f34       0xf5 CMakeFiles/IMU.dir/Middlewares/Third_Party/FreeRTOS/Source/list.c.obj
 .debug_abbrev  0x00003029      0x420 CMakeFiles/IMU.dir/Middlewares/Third_Party/FreeRTOS/Source/tasks.c.obj
 .debug_abbrev  0x00003449      0x447 CMakeFiles/IMU.dir/Middlewares/Third_Party/FreeRTOS/Source/CMSIS_RTOS/cmsis_os.c.obj
 .debug_abbrev  0x00003890      0x21d CMakeFiles/IMU.dir/Middlewares/Third_Party/FreeRTOS/Source/portable/MemMang/heap_4.c.obj
 .debug_abbrev  0x00003aad      0x25c CMakeFiles/IMU.dir/Middlewares/Third_Party/FreeRTOS/Source/portable/GCC/ARM_CM4F/port.c.obj
 .debug_abbrev  0x00003d09       0x24 CMakeFiles/IMU.dir/startup_stm32f407xx.s.obj

.debug_aranges  0x00000000     0x15d0
 .debug_aranges
                0x00000000       0x38 CMakeFiles/IMU.dir/Core/Src/main.c.obj
 .debug_aranges
                0x00000038       0x20 CMakeFiles/IMU.dir/Core/Src/gpio.c.obj
 .debug_aranges
                0x00000058       0x30 CMakeFiles/IMU.dir/Core/Src/freertos.c.obj
 .debug_aranges
                0x00000088       0x38 CMakeFiles/IMU.dir/Core/Src/can.c.obj
 .debug_aranges
                0x000000c0       0x20 CMakeFiles/IMU.dir/Core/Src/dma.c.obj
 .debug_aranges
                0x000000e0       0x30 CMakeFiles/IMU.dir/Core/Src/spi.c.obj
 .debug_aranges
                0x00000110       0x70 CMakeFiles/IMU.dir/Core/Src/tim.c.obj
 .debug_aranges
                0x00000180       0x40 CMakeFiles/IMU.dir/Core/Src/usart.c.obj
 .debug_aranges
                0x000001c0       0xa8 CMakeFiles/IMU.dir/Core/Src/stm32f4xx_it.c.obj
 .debug_aranges
                0x00000268       0x20 CMakeFiles/IMU.dir/Core/Src/stm32f4xx_hal_msp.c.obj
 .debug_aranges
                0x00000288       0x30 CMakeFiles/IMU.dir/Core/Src/stm32f4xx_hal_timebase_tim.c.obj
 .debug_aranges
                0x000002b8      0x148 CMakeFiles/IMU.dir/Drivers/STM32F4xx_HAL_Driver/Src/stm32f4xx_hal_can.c.obj
 .debug_aranges
                0x00000400       0x88 CMakeFiles/IMU.dir/Drivers/STM32F4xx_HAL_Driver/Src/stm32f4xx_hal_rcc.c.obj
 .debug_aranges
                0x00000488       0x58 CMakeFiles/IMU.dir/Drivers/STM32F4xx_HAL_Driver/Src/stm32f4xx_hal_gpio.c.obj
 .debug_aranges
                0x000004e0       0x90 CMakeFiles/IMU.dir/Drivers/STM32F4xx_HAL_Driver/Src/stm32f4xx_hal_dma.c.obj
 .debug_aranges
                0x00000570      0x130 CMakeFiles/IMU.dir/Drivers/STM32F4xx_HAL_Driver/Src/stm32f4xx_hal_cortex.c.obj
 .debug_aranges
                0x000006a0       0xf0 CMakeFiles/IMU.dir/Drivers/STM32F4xx_HAL_Driver/Src/stm32f4xx_hal.c.obj
 .debug_aranges
                0x00000790      0x1e0 CMakeFiles/IMU.dir/Drivers/STM32F4xx_HAL_Driver/Src/stm32f4xx_hal_spi.c.obj
 .debug_aranges
                0x00000970      0x3d0 CMakeFiles/IMU.dir/Drivers/STM32F4xx_HAL_Driver/Src/stm32f4xx_hal_tim.c.obj
 .debug_aranges
                0x00000d40      0x168 CMakeFiles/IMU.dir/Drivers/STM32F4xx_HAL_Driver/Src/stm32f4xx_hal_tim_ex.c.obj
 .debug_aranges
                0x00000ea8      0x230 CMakeFiles/IMU.dir/Drivers/STM32F4xx_HAL_Driver/Src/stm32f4xx_hal_uart.c.obj
 .debug_aranges
                0x000010d8       0x28 CMakeFiles/IMU.dir/Core/Src/system_stm32f4xx.c.obj
 .debug_aranges
                0x00001100       0x40 CMakeFiles/IMU.dir/Middlewares/Third_Party/FreeRTOS/Source/list.c.obj
 .debug_aranges
                0x00001140      0x1b8 CMakeFiles/IMU.dir/Middlewares/Third_Party/FreeRTOS/Source/tasks.c.obj
 .debug_aranges
                0x000012f8      0x1d8 CMakeFiles/IMU.dir/Middlewares/Third_Party/FreeRTOS/Source/CMSIS_RTOS/cmsis_os.c.obj
 .debug_aranges
                0x000014d0       0x58 CMakeFiles/IMU.dir/Middlewares/Third_Party/FreeRTOS/Source/portable/MemMang/heap_4.c.obj
 .debug_aranges
                0x00001528       0x80 CMakeFiles/IMU.dir/Middlewares/Third_Party/FreeRTOS/Source/portable/GCC/ARM_CM4F/port.c.obj
 .debug_aranges
                0x000015a8       0x28 CMakeFiles/IMU.dir/startup_stm32f407xx.s.obj

.debug_rnglists
                0x00000000     0x10e5
 .debug_rnglists
                0x00000000       0x26 CMakeFiles/IMU.dir/Core/Src/main.c.obj
 .debug_rnglists
                0x00000026       0x14 CMakeFiles/IMU.dir/Core/Src/gpio.c.obj
 .debug_rnglists
                0x0000003a       0x1f CMakeFiles/IMU.dir/Core/Src/freertos.c.obj
 .debug_rnglists
                0x00000059       0x27 CMakeFiles/IMU.dir/Core/Src/can.c.obj
 .debug_rnglists
                0x00000080       0x14 CMakeFiles/IMU.dir/Core/Src/dma.c.obj
 .debug_rnglists
                0x00000094       0x20 CMakeFiles/IMU.dir/Core/Src/spi.c.obj
 .debug_rnglists
                0x000000b4       0x59 CMakeFiles/IMU.dir/Core/Src/tim.c.obj
 .debug_rnglists
                0x0000010d       0x2d CMakeFiles/IMU.dir/Core/Src/usart.c.obj
 .debug_rnglists
                0x0000013a       0x79 CMakeFiles/IMU.dir/Core/Src/stm32f4xx_it.c.obj
 .debug_rnglists
                0x000001b3       0x13 CMakeFiles/IMU.dir/Core/Src/stm32f4xx_hal_msp.c.obj
 .debug_rnglists
                0x000001c6       0x20 CMakeFiles/IMU.dir/Core/Src/stm32f4xx_hal_timebase_tim.c.obj
 .debug_rnglists
                0x000001e6       0xfc CMakeFiles/IMU.dir/Drivers/STM32F4xx_HAL_Driver/Src/stm32f4xx_hal_can.c.obj
 .debug_rnglists
                0x000002e2       0x66 CMakeFiles/IMU.dir/Drivers/STM32F4xx_HAL_Driver/Src/stm32f4xx_hal_rcc.c.obj
 .debug_rnglists
                0x00000348       0x3f CMakeFiles/IMU.dir/Drivers/STM32F4xx_HAL_Driver/Src/stm32f4xx_hal_gpio.c.obj
 .debug_rnglists
                0x00000387       0x70 CMakeFiles/IMU.dir/Drivers/STM32F4xx_HAL_Driver/Src/stm32f4xx_hal_dma.c.obj
 .debug_rnglists
                0x000003f7       0xe0 CMakeFiles/IMU.dir/Drivers/STM32F4xx_HAL_Driver/Src/stm32f4xx_hal_cortex.c.obj
 .debug_rnglists
                0x000004d7       0xaf CMakeFiles/IMU.dir/Drivers/STM32F4xx_HAL_Driver/Src/stm32f4xx_hal.c.obj
 .debug_rnglists
                0x00000586      0x17e CMakeFiles/IMU.dir/Drivers/STM32F4xx_HAL_Driver/Src/stm32f4xx_hal_spi.c.obj
 .debug_rnglists
                0x00000704      0x31a CMakeFiles/IMU.dir/Drivers/STM32F4xx_HAL_Driver/Src/stm32f4xx_hal_tim.c.obj
 .debug_rnglists
                0x00000a1e      0x125 CMakeFiles/IMU.dir/Drivers/STM32F4xx_HAL_Driver/Src/stm32f4xx_hal_tim_ex.c.obj
 .debug_rnglists
                0x00000b43      0x1dc CMakeFiles/IMU.dir/Drivers/STM32F4xx_HAL_Driver/Src/stm32f4xx_hal_uart.c.obj
 .debug_rnglists
                0x00000d1f       0x1a CMakeFiles/IMU.dir/Core/Src/system_stm32f4xx.c.obj
 .debug_rnglists
                0x00000d39       0x2b CMakeFiles/IMU.dir/Middlewares/Third_Party/FreeRTOS/Source/list.c.obj
 .debug_rnglists
                0x00000d64      0x15f CMakeFiles/IMU.dir/Middlewares/Third_Party/FreeRTOS/Source/tasks.c.obj
 .debug_rnglists
                0x00000ec3      0x16a CMakeFiles/IMU.dir/Middlewares/Third_Party/FreeRTOS/Source/CMSIS_RTOS/cmsis_os.c.obj
 .debug_rnglists
                0x0000102d       0x42 CMakeFiles/IMU.dir/Middlewares/Third_Party/FreeRTOS/Source/portable/MemMang/heap_4.c.obj
 .debug_rnglists
                0x0000106f       0x5d CMakeFiles/IMU.dir/Middlewares/Third_Party/FreeRTOS/Source/portable/GCC/ARM_CM4F/port.c.obj
 .debug_rnglists
                0x000010cc       0x19 CMakeFiles/IMU.dir/startup_stm32f407xx.s.obj

.debug_macro    0x00000000    0x24079
 .debug_macro   0x00000000      0x381 CMakeFiles/IMU.dir/Core/Src/main.c.obj
 .debug_macro   0x00000381      0xade CMakeFiles/IMU.dir/Core/Src/main.c.obj
 .debug_macro   0x00000e5f      0x2a7 CMakeFiles/IMU.dir/Core/Src/main.c.obj
 .debug_macro   0x00001106       0x2e CMakeFiles/IMU.dir/Core/Src/main.c.obj
 .debug_macro   0x00001134       0x2f CMakeFiles/IMU.dir/Core/Src/main.c.obj
 .debug_macro   0x00001163       0x22 CMakeFiles/IMU.dir/Core/Src/main.c.obj
 .debug_macro   0x00001185       0x8e CMakeFiles/IMU.dir/Core/Src/main.c.obj
 .debug_macro   0x00001213       0x51 CMakeFiles/IMU.dir/Core/Src/main.c.obj
 .debug_macro   0x00001264      0x103 CMakeFiles/IMU.dir/Core/Src/main.c.obj
 .debug_macro   0x00001367       0x6a CMakeFiles/IMU.dir/Core/Src/main.c.obj
 .debug_macro   0x000013d1      0x1df CMakeFiles/IMU.dir/Core/Src/main.c.obj
 .debug_macro   0x000015b0       0x1c CMakeFiles/IMU.dir/Core/Src/main.c.obj
 .debug_macro   0x000015cc       0x22 CMakeFiles/IMU.dir/Core/Src/main.c.obj
 .debug_macro   0x000015ee       0xfb CMakeFiles/IMU.dir/Core/Src/main.c.obj
 .debug_macro   0x000016e9     0x1011 CMakeFiles/IMU.dir/Core/Src/main.c.obj
 .debug_macro   0x000026fa      0x11f CMakeFiles/IMU.dir/Core/Src/main.c.obj
 .debug_macro   0x00002819    0x15e97 CMakeFiles/IMU.dir/Core/Src/main.c.obj
 .debug_macro   0x000186b0       0x6d CMakeFiles/IMU.dir/Core/Src/main.c.obj
 .debug_macro   0x0001871d     0x369a CMakeFiles/IMU.dir/Core/Src/main.c.obj
 .debug_macro   0x0001bdb7      0x190 CMakeFiles/IMU.dir/Core/Src/main.c.obj
 .debug_macro   0x0001bf47       0x5c CMakeFiles/IMU.dir/Core/Src/main.c.obj
 .debug_macro   0x0001bfa3      0x980 CMakeFiles/IMU.dir/Core/Src/main.c.obj
 .debug_macro   0x0001c923      0x9e9 CMakeFiles/IMU.dir/Core/Src/main.c.obj
 .debug_macro   0x0001d30c      0x115 CMakeFiles/IMU.dir/Core/Src/main.c.obj
 .debug_macro   0x0001d421      0x13e CMakeFiles/IMU.dir/Core/Src/main.c.obj
 .debug_macro   0x0001d55f       0xa5 CMakeFiles/IMU.dir/Core/Src/main.c.obj
 .debug_macro   0x0001d604      0x174 CMakeFiles/IMU.dir/Core/Src/main.c.obj
 .debug_macro   0x0001d778      0x287 CMakeFiles/IMU.dir/Core/Src/main.c.obj
 .debug_macro   0x0001d9ff       0x5f CMakeFiles/IMU.dir/Core/Src/main.c.obj
 .debug_macro   0x0001da5e      0x236 CMakeFiles/IMU.dir/Core/Src/main.c.obj
 .debug_macro   0x0001dc94      0x416 CMakeFiles/IMU.dir/Core/Src/main.c.obj
 .debug_macro   0x0001e0aa      0x12c CMakeFiles/IMU.dir/Core/Src/main.c.obj
 .debug_macro   0x0001e1d6      0x21e CMakeFiles/IMU.dir/Core/Src/main.c.obj
 .debug_macro   0x0001e3f4       0x2e CMakeFiles/IMU.dir/Core/Src/main.c.obj
 .debug_macro   0x0001e422      0x127 CMakeFiles/IMU.dir/Core/Src/main.c.obj
 .debug_macro   0x0001e549       0x7e CMakeFiles/IMU.dir/Core/Src/main.c.obj
 .debug_macro   0x0001e5c7       0x89 CMakeFiles/IMU.dir/Core/Src/main.c.obj
 .debug_macro   0x0001e650      0x22c CMakeFiles/IMU.dir/Core/Src/main.c.obj
 .debug_macro   0x0001e87c      0x8ed CMakeFiles/IMU.dir/Core/Src/main.c.obj
 .debug_macro   0x0001f169       0x4d CMakeFiles/IMU.dir/Core/Src/main.c.obj
 .debug_macro   0x0001f1b6      0x2b1 CMakeFiles/IMU.dir/Core/Src/main.c.obj
 .debug_macro   0x0001f467      0x12d CMakeFiles/IMU.dir/Core/Src/main.c.obj
 .debug_macro   0x0001f594       0x4c CMakeFiles/IMU.dir/Core/Src/main.c.obj
 .debug_macro   0x0001f5e0       0xf1 CMakeFiles/IMU.dir/Core/Src/main.c.obj
 .debug_macro   0x0001f6d1      0x15a CMakeFiles/IMU.dir/Core/Src/main.c.obj
 .debug_macro   0x0001f82b       0xde CMakeFiles/IMU.dir/Core/Src/main.c.obj
 .debug_macro   0x0001f909       0x1c CMakeFiles/IMU.dir/Core/Src/main.c.obj
 .debug_macro   0x0001f925       0x26 CMakeFiles/IMU.dir/Core/Src/main.c.obj
 .debug_macro   0x0001f94b       0x7b CMakeFiles/IMU.dir/Core/Src/main.c.obj
 .debug_macro   0x0001f9c6       0x2a CMakeFiles/IMU.dir/Core/Src/main.c.obj
 .debug_macro   0x0001f9f0       0x3c CMakeFiles/IMU.dir/Core/Src/main.c.obj
 .debug_macro   0x0001fa2c       0x34 CMakeFiles/IMU.dir/Core/Src/main.c.obj
 .debug_macro   0x0001fa60      0x370 CMakeFiles/IMU.dir/Core/Src/main.c.obj
 .debug_macro   0x0001fdd0       0x16 CMakeFiles/IMU.dir/Core/Src/main.c.obj
 .debug_macro   0x0001fde6       0x4a CMakeFiles/IMU.dir/Core/Src/main.c.obj
 .debug_macro   0x0001fe30       0x34 CMakeFiles/IMU.dir/Core/Src/main.c.obj
 .debug_macro   0x0001fe64       0x10 CMakeFiles/IMU.dir/Core/Src/main.c.obj
 .debug_macro   0x0001fe74       0x58 CMakeFiles/IMU.dir/Core/Src/main.c.obj
 .debug_macro   0x0001fecc      0x1e5 CMakeFiles/IMU.dir/Core/Src/main.c.obj
 .debug_macro   0x000200b1       0x10 CMakeFiles/IMU.dir/Core/Src/main.c.obj
 .debug_macro   0x000200c1       0x3c CMakeFiles/IMU.dir/Core/Src/main.c.obj
 .debug_macro   0x000200fd      0x4fe CMakeFiles/IMU.dir/Core/Src/main.c.obj
 .debug_macro   0x000205fb       0xb5 CMakeFiles/IMU.dir/Core/Src/main.c.obj
 .debug_macro   0x000206b0       0xaa CMakeFiles/IMU.dir/Core/Src/main.c.obj
 .debug_macro   0x0002075a       0x91 CMakeFiles/IMU.dir/Core/Src/main.c.obj
 .debug_macro   0x000207eb       0x8d CMakeFiles/IMU.dir/Core/Src/main.c.obj
 .debug_macro   0x00020878       0x7e CMakeFiles/IMU.dir/Core/Src/main.c.obj
 .debug_macro   0x000208f6       0x19 CMakeFiles/IMU.dir/Core/Src/main.c.obj
 .debug_macro   0x0002090f       0xf2 CMakeFiles/IMU.dir/Core/Src/main.c.obj
 .debug_macro   0x00020a01      0x1fb CMakeFiles/IMU.dir/Core/Src/gpio.c.obj
 .debug_macro   0x00020bfc      0x341 CMakeFiles/IMU.dir/Core/Src/freertos.c.obj
 .debug_macro   0x00020f3d       0xf1 CMakeFiles/IMU.dir/Core/Src/freertos.c.obj
 .debug_macro   0x0002102e       0x56 CMakeFiles/IMU.dir/Core/Src/freertos.c.obj
 .debug_macro   0x00021084      0x1fb CMakeFiles/IMU.dir/Core/Src/can.c.obj
 .debug_macro   0x0002127f      0x1fb CMakeFiles/IMU.dir/Core/Src/dma.c.obj
 .debug_macro   0x0002147a      0x1fb CMakeFiles/IMU.dir/Core/Src/spi.c.obj
 .debug_macro   0x00021675      0x1fb CMakeFiles/IMU.dir/Core/Src/tim.c.obj
 .debug_macro   0x00021870      0x1fb CMakeFiles/IMU.dir/Core/Src/usart.c.obj
 .debug_macro   0x00021a6b      0x1fb CMakeFiles/IMU.dir/Core/Src/stm32f4xx_it.c.obj
 .debug_macro   0x00021c66      0x1f1 CMakeFiles/IMU.dir/Core/Src/stm32f4xx_hal_msp.c.obj
 .debug_macro   0x00021e57      0x1e2 CMakeFiles/IMU.dir/Core/Src/stm32f4xx_hal_timebase_tim.c.obj
 .debug_macro   0x00022039      0x1f1 CMakeFiles/IMU.dir/Drivers/STM32F4xx_HAL_Driver/Src/stm32f4xx_hal_can.c.obj
 .debug_macro   0x0002222a      0x206 CMakeFiles/IMU.dir/Drivers/STM32F4xx_HAL_Driver/Src/stm32f4xx_hal_rcc.c.obj
 .debug_macro   0x00022430      0x1e8 CMakeFiles/IMU.dir/Drivers/STM32F4xx_HAL_Driver/Src/stm32f4xx_hal_gpio.c.obj
 .debug_macro   0x00022618      0x1e8 CMakeFiles/IMU.dir/Drivers/STM32F4xx_HAL_Driver/Src/stm32f4xx_hal_dma.c.obj
 .debug_macro   0x00022800      0x1e2 CMakeFiles/IMU.dir/Drivers/STM32F4xx_HAL_Driver/Src/stm32f4xx_hal_cortex.c.obj
 .debug_macro   0x000229e2      0x242 CMakeFiles/IMU.dir/Drivers/STM32F4xx_HAL_Driver/Src/stm32f4xx_hal.c.obj
 .debug_macro   0x00022c24      0x1f1 CMakeFiles/IMU.dir/Drivers/STM32F4xx_HAL_Driver/Src/stm32f4xx_hal_spi.c.obj
 .debug_macro   0x00022e15      0x1e3 CMakeFiles/IMU.dir/Drivers/STM32F4xx_HAL_Driver/Src/stm32f4xx_hal_tim.c.obj
 .debug_macro   0x00022ff8      0x1e2 CMakeFiles/IMU.dir/Drivers/STM32F4xx_HAL_Driver/Src/stm32f4xx_hal_tim_ex.c.obj
 .debug_macro   0x000231da      0x1e3 CMakeFiles/IMU.dir/Drivers/STM32F4xx_HAL_Driver/Src/stm32f4xx_hal_uart.c.obj
 .debug_macro   0x000233bd      0x1e2 CMakeFiles/IMU.dir/Core/Src/system_stm32f4xx.c.obj
 .debug_macro   0x0002359f      0x18a CMakeFiles/IMU.dir/Middlewares/Third_Party/FreeRTOS/Source/list.c.obj
 .debug_macro   0x00023729      0x277 CMakeFiles/IMU.dir/Middlewares/Third_Party/FreeRTOS/Source/tasks.c.obj
 .debug_macro   0x000239a0       0x10 CMakeFiles/IMU.dir/Middlewares/Third_Party/FreeRTOS/Source/tasks.c.obj
 .debug_macro   0x000239b0      0x1fc CMakeFiles/IMU.dir/Middlewares/Third_Party/FreeRTOS/Source/CMSIS_RTOS/cmsis_os.c.obj
 .debug_macro   0x00023bac       0xe9 CMakeFiles/IMU.dir/Middlewares/Third_Party/FreeRTOS/Source/CMSIS_RTOS/cmsis_os.c.obj
 .debug_macro   0x00023c95      0x1b1 CMakeFiles/IMU.dir/Middlewares/Third_Party/FreeRTOS/Source/portable/MemMang/heap_4.c.obj
 .debug_macro   0x00023e46      0x233 CMakeFiles/IMU.dir/Middlewares/Third_Party/FreeRTOS/Source/portable/GCC/ARM_CM4F/port.c.obj

.debug_line     0x00000000    0x16d5d
 .debug_line    0x00000000      0x8b5 CMakeFiles/IMU.dir/Core/Src/main.c.obj
 .debug_line    0x000008b5      0x617 CMakeFiles/IMU.dir/Core/Src/gpio.c.obj
 .debug_line    0x00000ecc      0x815 CMakeFiles/IMU.dir/Core/Src/freertos.c.obj
 .debug_line    0x000016e1      0x6d7 CMakeFiles/IMU.dir/Core/Src/can.c.obj
 .debug_line    0x00001db8      0x5c6 CMakeFiles/IMU.dir/Core/Src/dma.c.obj
 .debug_line    0x0000237e      0x69c CMakeFiles/IMU.dir/Core/Src/spi.c.obj
 .debug_line    0x00002a1a      0xb1b CMakeFiles/IMU.dir/Core/Src/tim.c.obj
 .debug_line    0x00003535      0x7fe CMakeFiles/IMU.dir/Core/Src/usart.c.obj
 .debug_line    0x00003d33      0x74e CMakeFiles/IMU.dir/Core/Src/stm32f4xx_it.c.obj
 .debug_line    0x00004481      0x5bf CMakeFiles/IMU.dir/Core/Src/stm32f4xx_hal_msp.c.obj
 .debug_line    0x00004a40      0x63d CMakeFiles/IMU.dir/Core/Src/stm32f4xx_hal_timebase_tim.c.obj
 .debug_line    0x0000507d     0x1247 CMakeFiles/IMU.dir/Drivers/STM32F4xx_HAL_Driver/Src/stm32f4xx_hal_can.c.obj
 .debug_line    0x000062c4      0xcbc CMakeFiles/IMU.dir/Drivers/STM32F4xx_HAL_Driver/Src/stm32f4xx_hal_rcc.c.obj
 .debug_line    0x00006f80      0xa07 CMakeFiles/IMU.dir/Drivers/STM32F4xx_HAL_Driver/Src/stm32f4xx_hal_gpio.c.obj
 .debug_line    0x00007987      0xe1b CMakeFiles/IMU.dir/Drivers/STM32F4xx_HAL_Driver/Src/stm32f4xx_hal_dma.c.obj
 .debug_line    0x000087a2      0xb7f CMakeFiles/IMU.dir/Drivers/STM32F4xx_HAL_Driver/Src/stm32f4xx_hal_cortex.c.obj
 .debug_line    0x00009321      0x8af CMakeFiles/IMU.dir/Drivers/STM32F4xx_HAL_Driver/Src/stm32f4xx_hal.c.obj
 .debug_line    0x00009bd0     0x1ce7 CMakeFiles/IMU.dir/Drivers/STM32F4xx_HAL_Driver/Src/stm32f4xx_hal_spi.c.obj
 .debug_line    0x0000b8b7     0x362c CMakeFiles/IMU.dir/Drivers/STM32F4xx_HAL_Driver/Src/stm32f4xx_hal_tim.c.obj
 .debug_line    0x0000eee3     0x180f CMakeFiles/IMU.dir/Drivers/STM32F4xx_HAL_Driver/Src/stm32f4xx_hal_tim_ex.c.obj
 .debug_line    0x000106f2     0x2639 CMakeFiles/IMU.dir/Drivers/STM32F4xx_HAL_Driver/Src/stm32f4xx_hal_uart.c.obj
 .debug_line    0x00012d2b      0x642 CMakeFiles/IMU.dir/Core/Src/system_stm32f4xx.c.obj
 .debug_line    0x0001336d      0x4f8 CMakeFiles/IMU.dir/Middlewares/Third_Party/FreeRTOS/Source/list.c.obj
 .debug_line    0x00013865     0x1657 CMakeFiles/IMU.dir/Middlewares/Third_Party/FreeRTOS/Source/tasks.c.obj
 .debug_line    0x00014ebc     0x107c CMakeFiles/IMU.dir/Middlewares/Third_Party/FreeRTOS/Source/CMSIS_RTOS/cmsis_os.c.obj
 .debug_line    0x00015f38      0x70f CMakeFiles/IMU.dir/Middlewares/Third_Party/FreeRTOS/Source/portable/MemMang/heap_4.c.obj
 .debug_line    0x00016647      0x69c CMakeFiles/IMU.dir/Middlewares/Third_Party/FreeRTOS/Source/portable/GCC/ARM_CM4F/port.c.obj
 .debug_line    0x00016ce3       0x7a CMakeFiles/IMU.dir/startup_stm32f407xx.s.obj

.debug_str      0x00000000    0xd8424
 .debug_str     0x00000000    0xd8424 CMakeFiles/IMU.dir/Core/Src/main.c.obj
                              0xd0ccd (size before relaxing)
 .debug_str     0x000d8424    0xc7ea3 CMakeFiles/IMU.dir/Core/Src/gpio.c.obj
 .debug_str     0x000d8424    0xd0995 CMakeFiles/IMU.dir/Core/Src/freertos.c.obj
 .debug_str     0x000d8424    0xc82f0 CMakeFiles/IMU.dir/Core/Src/can.c.obj
 .debug_str     0x000d8424    0xc7dd5 CMakeFiles/IMU.dir/Core/Src/dma.c.obj
 .debug_str     0x000d8424    0xc7ef1 CMakeFiles/IMU.dir/Core/Src/spi.c.obj